Nov 24 14:32:33.419709 fedora kernel: Linux version 6.1.0-0.rc4.20221108git59f2f4b8a757.36.fc38.x86_64 (mockbuild@7ec0a710fc8c47219bc82bd3e3694b7e) (gcc (GCC) 12.2.1 20221103 (Red Hat 12.2.1-3), GNU ld version 2.39-5.fc38) #1 SMP PREEMPT_DYNAMIC Tue Nov  8 19:26:19 UTC 2022
Nov 24 14:32:33.419747 fedora kernel: Command line: BOOT_IMAGE=(hd0,gpt5)/vmlinuz-6.1.0-0.rc4.20221108git59f2f4b8a757.36.fc38.x86_64 root=UUID=be8f04b0-8bef-4e83-bf24-bf87ee7dd6e9 ro rootflags=subvol=root resume=/dev/mapper/luks-e7271071-7a5a-4796-8e1a-f55ef660cd38 rd.luks.uuid=luks-2dcb69b1-9579-40fb-adeb-89b065171479 rd.luks.uuid=luks-e7271071-7a5a-4796-8e1a-f55ef660cd38 rhgb quiet drm.debug=0x116 log_buf_len=50M
Nov 24 14:32:33.419764 fedora kernel: x86/fpu: Supporting XSAVE feature 0x001: 'x87 floating point registers'
Nov 24 14:32:33.419771 fedora kernel: x86/fpu: Supporting XSAVE feature 0x002: 'SSE registers'
Nov 24 14:32:33.419777 fedora kernel: x86/fpu: Supporting XSAVE feature 0x004: 'AVX registers'
Nov 24 14:32:33.419788 fedora kernel: x86/fpu: Supporting XSAVE feature 0x200: 'Protection Keys User registers'
Nov 24 14:32:33.419802 fedora kernel: x86/fpu: xstate_offset[2]:  576, xstate_sizes[2]:  256
Nov 24 14:32:33.419810 fedora kernel: x86/fpu: xstate_offset[9]:  832, xstate_sizes[9]:    8
Nov 24 14:32:33.419817 fedora kernel: x86/fpu: Enabled xstate features 0x207, context size is 840 bytes, using 'compacted' format.
Nov 24 14:32:33.419822 fedora kernel: signal: max sigframe size: 3376
Nov 24 14:32:33.419828 fedora kernel: BIOS-provided physical RAM map:
Nov 24 14:32:33.419834 fedora kernel: BIOS-e820: [mem 0x0000000000000000-0x000000000009efff] usable
Nov 24 14:32:33.419840 fedora kernel: BIOS-e820: [mem 0x000000000009f000-0x00000000000bffff] reserved
Nov 24 14:32:33.419848 fedora kernel: BIOS-e820: [mem 0x0000000000100000-0x0000000009afffff] usable
Nov 24 14:32:33.419865 fedora kernel: BIOS-e820: [mem 0x0000000009b00000-0x0000000009dfffff] reserved
Nov 24 14:32:33.419873 fedora kernel: BIOS-e820: [mem 0x0000000009e00000-0x0000000009efffff] usable
Nov 24 14:32:33.419879 fedora kernel: BIOS-e820: [mem 0x0000000009f00000-0x0000000009f27fff] ACPI NVS
Nov 24 14:32:33.419885 fedora kernel: BIOS-e820: [mem 0x0000000009f28000-0x00000000603fefff] usable
Nov 24 14:32:33.419891 fedora kernel: BIOS-e820: [mem 0x00000000603ff000-0x00000000603fffff] reserved
Nov 24 14:32:33.419897 fedora kernel: BIOS-e820: [mem 0x0000000060400000-0x0000000062363fff] usable
Nov 24 14:32:33.419906 fedora kernel: BIOS-e820: [mem 0x0000000062364000-0x0000000064563fff] reserved
Nov 24 14:32:33.419912 fedora kernel: BIOS-e820: [mem 0x0000000064564000-0x000000006456cfff] usable
Nov 24 14:32:33.419918 fedora kernel: BIOS-e820: [mem 0x000000006456d000-0x000000006456ffff] reserved
Nov 24 14:32:33.419924 fedora kernel: BIOS-e820: [mem 0x0000000064570000-0x000000007077efff] usable
Nov 24 14:32:33.419930 fedora kernel: BIOS-e820: [mem 0x000000007077f000-0x0000000072f7efff] reserved
Nov 24 14:32:33.419936 fedora kernel: BIOS-e820: [mem 0x0000000072f7f000-0x000000007af7efff] ACPI NVS
Nov 24 14:32:33.419942 fedora kernel: BIOS-e820: [mem 0x000000007af7f000-0x000000007affefff] ACPI data
Nov 24 14:32:33.419948 fedora kernel: BIOS-e820: [mem 0x000000007afff000-0x000000007affffff] usable
Nov 24 14:32:33.419954 fedora kernel: BIOS-e820: [mem 0x000000007b000000-0x000000007bffffff] reserved
Nov 24 14:32:33.419960 fedora kernel: BIOS-e820: [mem 0x000000007d800000-0x000000007fffffff] reserved
Nov 24 14:32:33.419966 fedora kernel: BIOS-e820: [mem 0x00000000c0200000-0x00000000c02fffff] reserved
Nov 24 14:32:33.419972 fedora kernel: BIOS-e820: [mem 0x00000000fed80000-0x00000000fed80fff] reserved
Nov 24 14:32:33.419981 fedora kernel: BIOS-e820: [mem 0x00000000ff000000-0x00000000ffffffff] reserved
Nov 24 14:32:33.419988 fedora kernel: BIOS-e820: [mem 0x0000000100000000-0x00000003fe2fffff] usable
Nov 24 14:32:33.419995 fedora kernel: BIOS-e820: [mem 0x00000003ff340000-0x00000004a01fffff] reserved
Nov 24 14:32:33.420001 fedora kernel: NX (Execute Disable) protection: active
Nov 24 14:32:33.420007 fedora kernel: e820: update [mem 0x60924018-0x6092ee57] usable ==> usable
Nov 24 14:32:33.420014 fedora kernel: e820: update [mem 0x60924018-0x6092ee57] usable ==> usable
Nov 24 14:32:33.420022 fedora kernel: extended physical RAM map:
Nov 24 14:32:33.420029 fedora kernel: reserve setup_data: [mem 0x0000000000000000-0x000000000009efff] usable
Nov 24 14:32:33.420046 fedora kernel: reserve setup_data: [mem 0x000000000009f000-0x00000000000bffff] reserved
Nov 24 14:32:33.420055 fedora kernel: reserve setup_data: [mem 0x0000000000100000-0x0000000009afffff] usable
Nov 24 14:32:33.420062 fedora kernel: reserve setup_data: [mem 0x0000000009b00000-0x0000000009dfffff] reserved
Nov 24 14:32:33.420069 fedora kernel: reserve setup_data: [mem 0x0000000009e00000-0x0000000009efffff] usable
Nov 24 14:32:33.420075 fedora kernel: reserve setup_data: [mem 0x0000000009f00000-0x0000000009f27fff] ACPI NVS
Nov 24 14:32:33.420082 fedora kernel: reserve setup_data: [mem 0x0000000009f28000-0x00000000603fefff] usable
Nov 24 14:32:33.420088 fedora kernel: reserve setup_data: [mem 0x00000000603ff000-0x00000000603fffff] reserved
Nov 24 14:32:33.420095 fedora kernel: reserve setup_data: [mem 0x0000000060400000-0x0000000060924017] usable
Nov 24 14:32:33.420101 fedora kernel: reserve setup_data: [mem 0x0000000060924018-0x000000006092ee57] usable
Nov 24 14:32:33.420108 fedora kernel: reserve setup_data: [mem 0x000000006092ee58-0x0000000062363fff] usable
Nov 24 14:32:33.420114 fedora kernel: reserve setup_data: [mem 0x0000000062364000-0x0000000064563fff] reserved
Nov 24 14:32:33.420123 fedora kernel: reserve setup_data: [mem 0x0000000064564000-0x000000006456cfff] usable
Nov 24 14:32:33.420130 fedora kernel: reserve setup_data: [mem 0x000000006456d000-0x000000006456ffff] reserved
Nov 24 14:32:33.420136 fedora kernel: reserve setup_data: [mem 0x0000000064570000-0x000000007077efff] usable
Nov 24 14:32:33.420142 fedora kernel: reserve setup_data: [mem 0x000000007077f000-0x0000000072f7efff] reserved
Nov 24 14:32:33.420148 fedora kernel: reserve setup_data: [mem 0x0000000072f7f000-0x000000007af7efff] ACPI NVS
Nov 24 14:32:33.420155 fedora kernel: reserve setup_data: [mem 0x000000007af7f000-0x000000007affefff] ACPI data
Nov 24 14:32:33.420161 fedora kernel: reserve setup_data: [mem 0x000000007afff000-0x000000007affffff] usable
Nov 24 14:32:33.420167 fedora kernel: reserve setup_data: [mem 0x000000007b000000-0x000000007bffffff] reserved
Nov 24 14:32:33.420174 fedora kernel: reserve setup_data: [mem 0x000000007d800000-0x000000007fffffff] reserved
Nov 24 14:32:33.420180 fedora kernel: reserve setup_data: [mem 0x00000000c0200000-0x00000000c02fffff] reserved
Nov 24 14:32:33.420186 fedora kernel: reserve setup_data: [mem 0x00000000fed80000-0x00000000fed80fff] reserved
Nov 24 14:32:33.420195 fedora kernel: reserve setup_data: [mem 0x00000000ff000000-0x00000000ffffffff] reserved
Nov 24 14:32:33.420201 fedora kernel: reserve setup_data: [mem 0x0000000100000000-0x00000003fe2fffff] usable
Nov 24 14:32:33.420208 fedora kernel: reserve setup_data: [mem 0x00000003ff340000-0x00000004a01fffff] reserved
Nov 24 14:32:33.420214 fedora kernel: efi: EFI v2.80 by INSYDE Corp.
Nov 24 14:32:33.420220 fedora kernel: efi: ACPI=0x7affe000 ACPI 2.0=0x7affe014 SMBIOS=0x716e5000 SMBIOS 3.0=0x716e3000 MEMATTR=0x6c01b018 ESRT=0x6bfb2018 MOKvar=0x71879000 RNG=0x7afb3018 
Nov 24 14:32:33.420227 fedora kernel: efi: seeding entropy pool
Nov 24 14:32:33.420234 fedora kernel: random: crng init done
Nov 24 14:32:33.420240 fedora kernel: secureboot: Secure boot disabled
Nov 24 14:32:33.420247 fedora kernel: SMBIOS 3.3.0 present.
Nov 24 14:32:33.420253 fedora kernel: DMI: LENOVO 82QF/LNVNB161216, BIOS K5CN27WW 05/08/2022
Nov 24 14:32:33.420259 fedora kernel: tsc: Fast TSC calibration using PIT
Nov 24 14:32:33.420266 fedora kernel: tsc: Detected 2694.967 MHz processor
Nov 24 14:32:33.420277 fedora kernel: e820: update [mem 0x00000000-0x00000fff] usable ==> reserved
Nov 24 14:32:33.420285 fedora kernel: e820: remove [mem 0x000a0000-0x000fffff] usable
Nov 24 14:32:33.420293 fedora kernel: last_pfn = 0x3fe300 max_arch_pfn = 0x400000000
Nov 24 14:32:33.420300 fedora kernel: x86/PAT: Configuration [0-7]: WB  WC  UC- UC  WB  WP  UC- WT  
Nov 24 14:32:33.420308 fedora kernel: last_pfn = 0x7b000 max_arch_pfn = 0x400000000
Nov 24 14:32:33.420440 fedora kernel: esrt: Reserving ESRT space from 0x000000006bfb2018 to 0x000000006bfb20f0.
Nov 24 14:32:33.420449 fedora kernel: e820: update [mem 0x6bfb2000-0x6bfb2fff] usable ==> reserved
Nov 24 14:32:33.420457 fedora kernel: Using GB pages for direct mapping
Nov 24 14:32:33.420464 fedora kernel: printk: log_buf_len: 67108864 bytes
Nov 24 14:32:33.420472 fedora kernel: printk: early log buf free: 255824(97%)
Nov 24 14:32:33.420483 fedora kernel: secureboot: Secure boot disabled
Nov 24 14:32:33.420491 fedora kernel: RAMDISK: [mem 0x5ce4c000-0x5fefcfff]
Nov 24 14:32:33.420498 fedora kernel: ACPI: DSDT ACPI table found in initrd [kernel/firmware/acpi/dsdt.aml][0xcf92]
Nov 24 14:32:33.420506 fedora kernel: modified physical RAM map:
Nov 24 14:32:33.420513 fedora kernel: modified: [mem 0x0000000000000000-0x0000000000000fff] reserved
Nov 24 14:32:33.420521 fedora kernel: modified: [mem 0x0000000000001000-0x000000000009efff] usable
Nov 24 14:32:33.420528 fedora kernel: modified: [mem 0x000000000009f000-0x00000000000bffff] reserved
Nov 24 14:32:33.420535 fedora kernel: modified: [mem 0x0000000000100000-0x0000000009afffff] usable
Nov 24 14:32:33.420543 fedora kernel: modified: [mem 0x0000000009b00000-0x0000000009dfffff] reserved
Nov 24 14:32:33.420553 fedora kernel: modified: [mem 0x0000000009e00000-0x0000000009efffff] usable
Nov 24 14:32:33.420561 fedora kernel: modified: [mem 0x0000000009f00000-0x0000000009f27fff] ACPI NVS
Nov 24 14:32:33.420568 fedora kernel: modified: [mem 0x0000000009f28000-0x00000000603fefff] usable
Nov 24 14:32:33.420575 fedora kernel: modified: [mem 0x00000000603ff000-0x00000000603fffff] reserved
Nov 24 14:32:33.420583 fedora kernel: modified: [mem 0x0000000060400000-0x0000000060924017] usable
Nov 24 14:32:33.420590 fedora kernel: modified: [mem 0x0000000060924018-0x000000006092ee57] usable
Nov 24 14:32:33.420597 fedora kernel: modified: [mem 0x000000006092ee58-0x0000000062363fff] usable
Nov 24 14:32:33.420605 fedora kernel: modified: [mem 0x0000000062364000-0x0000000064563fff] reserved
Nov 24 14:32:33.420612 fedora kernel: modified: [mem 0x0000000064564000-0x000000006456cfff] usable
Nov 24 14:32:33.420623 fedora kernel: modified: [mem 0x000000006456d000-0x000000006456ffff] reserved
Nov 24 14:32:33.420630 fedora kernel: modified: [mem 0x0000000064570000-0x000000006bfb1fff] usable
Nov 24 14:32:33.420638 fedora kernel: modified: [mem 0x000000006bfb2000-0x000000006bfb2fff] reserved
Nov 24 14:32:33.420645 fedora kernel: modified: [mem 0x000000006bfb3000-0x000000006f882fff] usable
Nov 24 14:32:33.420652 fedora kernel: modified: [mem 0x000000006f883000-0x000000006f88ff91] ACPI NVS
Nov 24 14:32:33.420660 fedora kernel: modified: [mem 0x000000006f88ff92-0x000000007077efff] usable
Nov 24 14:32:33.420667 fedora kernel: modified: [mem 0x000000007077f000-0x0000000072f7efff] reserved
Nov 24 14:32:33.420674 fedora kernel: modified: [mem 0x0000000072f7f000-0x000000007af7efff] ACPI NVS
Nov 24 14:32:33.420681 fedora kernel: modified: [mem 0x000000007af7f000-0x000000007affefff] ACPI data
Nov 24 14:32:33.420689 fedora kernel: modified: [mem 0x000000007afff000-0x000000007affffff] usable
Nov 24 14:32:33.420700 fedora kernel: modified: [mem 0x000000007b000000-0x000000007bffffff] reserved
Nov 24 14:32:33.420708 fedora kernel: modified: [mem 0x000000007d800000-0x000000007fffffff] reserved
Nov 24 14:32:33.420715 fedora kernel: modified: [mem 0x00000000c0200000-0x00000000c02fffff] reserved
Nov 24 14:32:33.420723 fedora kernel: modified: [mem 0x00000000fed80000-0x00000000fed80fff] reserved
Nov 24 14:32:33.420730 fedora kernel: modified: [mem 0x00000000ff000000-0x00000000ffffffff] reserved
Nov 24 14:32:33.420739 fedora kernel: modified: [mem 0x0000000100000000-0x00000003fe2fffff] usable
Nov 24 14:32:33.420763 fedora kernel: modified: [mem 0x00000003ff340000-0x00000004a01fffff] reserved
Nov 24 14:32:33.420774 fedora kernel: ACPI: Early table checksum verification disabled
Nov 24 14:32:33.420782 fedora kernel: ACPI: RSDP 0x000000007AFFE014 000024 (v02 LENOVO)
Nov 24 14:32:33.420789 fedora kernel: ACPI: XSDT 0x000000007AF9B228 00016C (v01 LENOVO CB-01    00000001      01000013)
Nov 24 14:32:33.420797 fedora kernel: ACPI: FACP 0x000000007AFEB000 00010C (v05 LENOVO CB-01    00000001 ACPI 00040000)
Nov 24 14:32:33.420805 fedora kernel: ACPI: Table Upgrade: override [DSDT-LENOVO-CB-01   ]
Nov 24 14:32:33.420812 fedora kernel: ACPI: DSDT 0x000000007AFD8000 Physical table override, new table: 0x000000006F883000
Nov 24 14:32:33.420820 fedora kernel: ACPI: DSDT 0x000000006F883000 00CF92 (v01 LENOVO CB-01    00000002 INTL 20220331)
Nov 24 14:32:33.420829 fedora kernel: ACPI: FACS 0x000000007AEB4000 000040
Nov 24 14:32:33.420839 fedora kernel: ACPI: UEFI 0x000000007AF7E000 000236 (v01 LENOVO CB-01    00000001 ACPI 00040000)
Nov 24 14:32:33.420847 fedora kernel: ACPI: SSDT 0x000000007AFFC000 000906 (v01 LENOVO CB-01    00000001 ACPI 00040000)
Nov 24 14:32:33.420855 fedora kernel: ACPI: IVRS 0x000000007AFFB000 0001A4 (v02 LENOVO CB-01    00000001 ACPI 00040000)
Nov 24 14:32:33.420863 fedora kernel: ACPI: SSDT 0x000000007AFF3000 007DF6 (v02 LENOVO CB-01    00000001 ACPI 00040000)
Nov 24 14:32:33.420870 fedora kernel: ACPI: SSDT 0x000000007AFF2000 000573 (v01 LENOVO CB-01    00000001 ACPI 00040000)
Nov 24 14:32:33.420882 fedora kernel: ACPI: SSDT 0x000000007AFF1000 0001CC (v01 LENOVO CB-01    00000001 ACPI 00040000)
Nov 24 14:32:33.420890 fedora kernel: ACPI: SSDT 0x000000007AFEF000 001980 (v01 LENOVO CB-01    00000001 ACPI 00040000)
Nov 24 14:32:33.420898 fedora kernel: ACPI: MSDM 0x000000007AFEE000 000055 (v03 LENOVO CB-01    00000001 ACPI 00040000)
Nov 24 14:32:33.420905 fedora kernel: ACPI: ASF! 0x000000007AFED000 0000A5 (v32 LENOVO CB-01    00000001 ACPI 00040000)
Nov 24 14:32:33.420913 fedora kernel: ACPI: BOOT 0x000000007AFEC000 000028 (v01 LENOVO CB-01    00000001 ACPI 00040000)
Nov 24 14:32:33.420920 fedora kernel: ACPI: HPET 0x000000007AFEA000 000038 (v01 LENOVO CB-01    00000001 ACPI 00040000)
Nov 24 14:32:33.420928 fedora kernel: ACPI: APIC 0x000000007AFE9000 000138 (v03 LENOVO CB-01    00000001 ACPI 00040000)
Nov 24 14:32:33.420936 fedora kernel: ACPI: MCFG 0x000000007AFE8000 00003C (v01 LENOVO CB-01    00000001 ACPI 00040000)
Nov 24 14:32:33.420943 fedora kernel: ACPI: SLIC 0x000000007AFE7000 000176 (v01 LENOVO CB-01    00000001 ACPI 00040000)
Nov 24 14:32:33.420954 fedora kernel: ACPI: SSDT 0x000000007AFD7000 000099 (v01 LENOVO CB-01    00000001 ACPI 00040000)
Nov 24 14:32:33.420961 fedora kernel: ACPI: $H2O 0x000000007AFD6000 00002C (v01 LENOVO CB-01    00000001 ACPI 00040000)
Nov 24 14:32:33.420969 fedora kernel: ACPI: VFCT 0x000000007AFCB000 00AE84 (v01 LENOVO CB-01    00000001 ACPI 00040000)
Nov 24 14:32:33.420976 fedora kernel: ACPI: SSDT 0x000000007AFFD000 0000F8 (v01 LENOVO CB-01    00000001 ACPI 00040000)
Nov 24 14:32:33.420984 fedora kernel: ACPI: SSDT 0x000000007AFC4000 005354 (v02 LENOVO CB-01    00000001 ACPI 00040000)
Nov 24 14:32:33.420992 fedora kernel: ACPI: CRAT 0x000000007AFC3000 000EE8 (v01 LENOVO CB-01    00000001 ACPI 00040000)
Nov 24 14:32:33.420999 fedora kernel: ACPI: CDIT 0x000000007AFC2000 000029 (v01 LENOVO CB-01    00000001 ACPI 00040000)
Nov 24 14:32:33.421007 fedora kernel: ACPI: SSDT 0x000000007AFC1000 0000D9 (v01 LENOVO CB-01    00000001 ACPI 00040000)
Nov 24 14:32:33.421014 fedora kernel: ACPI: SSDT 0x000000007AFBF000 001590 (v01 LENOVO CB-01    00000001 ACPI 00040000)
Nov 24 14:32:33.421025 fedora kernel: ACPI: SSDT 0x000000007AFBD000 001565 (v01 LENOVO CB-01    00000001 ACPI 00040000)
Nov 24 14:32:33.421032 fedora kernel: ACPI: SSDT 0x000000007AFB5000 007E2F (v01 LENOVO CB-01    00000001 ACPI 00040000)
Nov 24 14:32:33.421040 fedora kernel: ACPI: FPDT 0x000000007AFB4000 000044 (v01 LENOVO CB-01    00000001 ACPI 00040000)
Nov 24 14:32:33.421047 fedora kernel: ACPI: WSMT 0x000000007AFB2000 000028 (v01 LENOVO CB-01    00000001 ACPI 00040000)
Nov 24 14:32:33.421055 fedora kernel: ACPI: SSDT 0x000000007AFE5000 001E23 (v01 LENOVO CB-01    00000001 ACPI 00040000)
Nov 24 14:32:33.421062 fedora kernel: ACPI: SSDT 0x000000007AFB1000 000761 (v01 LENOVO CB-01    00000001 ACPI 00040000)
Nov 24 14:32:33.421070 fedora kernel: ACPI: SSDT 0x000000007AFB0000 00075B (v01 LENOVO CB-01    00000001 ACPI 00040000)
Nov 24 14:32:33.421078 fedora kernel: ACPI: SSDT 0x000000007AFAF000 000057 (v01 LENOVO CB-01    00000001 ACPI 00040000)
Nov 24 14:32:33.421089 fedora kernel: ACPI: SSDT 0x000000007AFAD000 0014B1 (v01 LENOVO CB-01    00000001 ACPI 00040000)
Nov 24 14:32:33.421096 fedora kernel: ACPI: SSDT 0x000000007AFAC000 0007A5 (v01 LENOVO CB-01    00000001 ACPI 00040000)
Nov 24 14:32:33.421104 fedora kernel: ACPI: SSDT 0x000000007AFA4000 007A2A (v01 LENOVO CB-01    00000001 ACPI 00040000)
Nov 24 14:32:33.421111 fedora kernel: ACPI: SSDT 0x000000007AF9F000 004CFE (v01 LENOVO CB-01    00000001 ACPI 00040000)
Nov 24 14:32:33.421119 fedora kernel: ACPI: SSDT 0x000000007AF9E000 000EB1 (v01 LENOVO CB-01    00000001 ACPI 00040000)
Nov 24 14:32:33.421126 fedora kernel: ACPI: SSDT 0x000000007AF9D000 000742 (v01 LENOVO CB-01    00000001 ACPI 00040000)
Nov 24 14:32:33.421134 fedora kernel: ACPI: SSDT 0x000000007AF9C000 00008D (v01 LENOVO CB-01    00000001 ACPI 00040000)
Nov 24 14:32:33.421141 fedora kernel: ACPI: SSDT 0x000000007AF99000 00121E (v01 LENOVO CB-01    00000001 ACPI 00040000)
Nov 24 14:32:33.421149 fedora kernel: ACPI: BGRT 0x000000007AFCA000 000038 (v01 LENOVO CB-01    00000001 ACPI 00040000)
Nov 24 14:32:33.421161 fedora kernel: ACPI: Reserving FACP table memory at [mem 0x7afeb000-0x7afeb10b]
Nov 24 14:32:33.421168 fedora kernel: ACPI: Reserving DSDT table memory at [mem 0x6f883000-0x6f88ff91]
Nov 24 14:32:33.421176 fedora kernel: ACPI: Reserving FACS table memory at [mem 0x7aeb4000-0x7aeb403f]
Nov 24 14:32:33.421183 fedora kernel: ACPI: Reserving UEFI table memory at [mem 0x7af7e000-0x7af7e235]
Nov 24 14:32:33.421191 fedora kernel: ACPI: Reserving SSDT table memory at [mem 0x7affc000-0x7affc905]
Nov 24 14:32:33.421198 fedora kernel: ACPI: Reserving IVRS table memory at [mem 0x7affb000-0x7affb1a3]
Nov 24 14:32:33.421206 fedora kernel: ACPI: Reserving SSDT table memory at [mem 0x7aff3000-0x7affadf5]
Nov 24 14:32:33.421213 fedora kernel: ACPI: Reserving SSDT table memory at [mem 0x7aff2000-0x7aff2572]
Nov 24 14:32:33.421221 fedora kernel: ACPI: Reserving SSDT table memory at [mem 0x7aff1000-0x7aff11cb]
Nov 24 14:32:33.421231 fedora kernel: ACPI: Reserving SSDT table memory at [mem 0x7afef000-0x7aff097f]
Nov 24 14:32:33.421239 fedora kernel: ACPI: Reserving MSDM table memory at [mem 0x7afee000-0x7afee054]
Nov 24 14:32:33.421246 fedora kernel: ACPI: Reserving ASF! table memory at [mem 0x7afed000-0x7afed0a4]
Nov 24 14:32:33.421254 fedora kernel: ACPI: Reserving BOOT table memory at [mem 0x7afec000-0x7afec027]
Nov 24 14:32:33.421261 fedora kernel: ACPI: Reserving HPET table memory at [mem 0x7afea000-0x7afea037]
Nov 24 14:32:33.421269 fedora kernel: ACPI: Reserving APIC table memory at [mem 0x7afe9000-0x7afe9137]
Nov 24 14:32:33.421276 fedora kernel: ACPI: Reserving MCFG table memory at [mem 0x7afe8000-0x7afe803b]
Nov 24 14:32:33.421284 fedora kernel: ACPI: Reserving SLIC table memory at [mem 0x7afe7000-0x7afe7175]
Nov 24 14:32:33.421291 fedora kernel: ACPI: Reserving SSDT table memory at [mem 0x7afd7000-0x7afd7098]
Nov 24 14:32:33.421299 fedora kernel: ACPI: Reserving $H2O table memory at [mem 0x7afd6000-0x7afd602b]
Nov 24 14:32:33.421309 fedora kernel: ACPI: Reserving VFCT table memory at [mem 0x7afcb000-0x7afd5e83]
Nov 24 14:32:33.421327 fedora kernel: ACPI: Reserving SSDT table memory at [mem 0x7affd000-0x7affd0f7]
Nov 24 14:32:33.421339 fedora kernel: ACPI: Reserving SSDT table memory at [mem 0x7afc4000-0x7afc9353]
Nov 24 14:32:33.421347 fedora kernel: ACPI: Reserving CRAT table memory at [mem 0x7afc3000-0x7afc3ee7]
Nov 24 14:32:33.421354 fedora kernel: ACPI: Reserving CDIT table memory at [mem 0x7afc2000-0x7afc2028]
Nov 24 14:32:33.421362 fedora kernel: ACPI: Reserving SSDT table memory at [mem 0x7afc1000-0x7afc10d8]
Nov 24 14:32:33.421369 fedora kernel: ACPI: Reserving SSDT table memory at [mem 0x7afbf000-0x7afc058f]
Nov 24 14:32:33.421377 fedora kernel: ACPI: Reserving SSDT table memory at [mem 0x7afbd000-0x7afbe564]
Nov 24 14:32:33.421384 fedora kernel: ACPI: Reserving SSDT table memory at [mem 0x7afb5000-0x7afbce2e]
Nov 24 14:32:33.421395 fedora kernel: ACPI: Reserving FPDT table memory at [mem 0x7afb4000-0x7afb4043]
Nov 24 14:32:33.421402 fedora kernel: ACPI: Reserving WSMT table memory at [mem 0x7afb2000-0x7afb2027]
Nov 24 14:32:33.421410 fedora kernel: ACPI: Reserving SSDT table memory at [mem 0x7afe5000-0x7afe6e22]
Nov 24 14:32:33.421417 fedora kernel: ACPI: Reserving SSDT table memory at [mem 0x7afb1000-0x7afb1760]
Nov 24 14:32:33.421425 fedora kernel: ACPI: Reserving SSDT table memory at [mem 0x7afb0000-0x7afb075a]
Nov 24 14:32:33.421432 fedora kernel: ACPI: Reserving SSDT table memory at [mem 0x7afaf000-0x7afaf056]
Nov 24 14:32:33.421440 fedora kernel: ACPI: Reserving SSDT table memory at [mem 0x7afad000-0x7afae4b0]
Nov 24 14:32:33.421447 fedora kernel: ACPI: Reserving SSDT table memory at [mem 0x7afac000-0x7afac7a4]
Nov 24 14:32:33.421455 fedora kernel: ACPI: Reserving SSDT table memory at [mem 0x7afa4000-0x7afaba29]
Nov 24 14:32:33.421462 fedora kernel: ACPI: Reserving SSDT table memory at [mem 0x7af9f000-0x7afa3cfd]
Nov 24 14:32:33.421472 fedora kernel: ACPI: Reserving SSDT table memory at [mem 0x7af9e000-0x7af9eeb0]
Nov 24 14:32:33.421480 fedora kernel: ACPI: Reserving SSDT table memory at [mem 0x7af9d000-0x7af9d741]
Nov 24 14:32:33.421487 fedora kernel: ACPI: Reserving SSDT table memory at [mem 0x7af9c000-0x7af9c08c]
Nov 24 14:32:33.421495 fedora kernel: ACPI: Reserving SSDT table memory at [mem 0x7af99000-0x7af9a21d]
Nov 24 14:32:33.421502 fedora kernel: ACPI: Reserving BGRT table memory at [mem 0x7afca000-0x7afca037]
Nov 24 14:32:33.421510 fedora kernel: No NUMA configuration found
Nov 24 14:32:33.421518 fedora kernel: Faking a node at [mem 0x0000000000000000-0x00000003fe2fffff]
Nov 24 14:32:33.421525 fedora kernel: NODE_DATA(0) allocated [mem 0x3ec2d4000-0x3ec2fffff]
Nov 24 14:32:33.421533 fedora kernel: Zone ranges:
Nov 24 14:32:33.421544 fedora kernel:   DMA      [mem 0x0000000000001000-0x0000000000ffffff]
Nov 24 14:32:33.421552 fedora kernel:   DMA32    [mem 0x0000000001000000-0x00000000ffffffff]
Nov 24 14:32:33.421560 fedora kernel:   Normal   [mem 0x0000000100000000-0x00000003fe2fffff]
Nov 24 14:32:33.421568 fedora kernel:   Device   empty
Nov 24 14:32:33.421575 fedora kernel: Movable zone start for each node
Nov 24 14:32:33.421583 fedora kernel: Early memory node ranges
Nov 24 14:32:33.421591 fedora kernel:   node   0: [mem 0x0000000000001000-0x000000000009efff]
Nov 24 14:32:33.421598 fedora kernel:   node   0: [mem 0x0000000000100000-0x0000000009afffff]
Nov 24 14:32:33.421606 fedora kernel:   node   0: [mem 0x0000000009e00000-0x0000000009efffff]
Nov 24 14:32:33.421614 fedora kernel:   node   0: [mem 0x0000000009f28000-0x00000000603fefff]
Nov 24 14:32:33.421625 fedora kernel:   node   0: [mem 0x0000000060400000-0x0000000062363fff]
Nov 24 14:32:33.421633 fedora kernel:   node   0: [mem 0x0000000064564000-0x000000006456cfff]
Nov 24 14:32:33.421641 fedora kernel:   node   0: [mem 0x0000000064570000-0x000000007077efff]
Nov 24 14:32:33.421648 fedora kernel:   node   0: [mem 0x000000007afff000-0x000000007affffff]
Nov 24 14:32:33.421656 fedora kernel:   node   0: [mem 0x0000000100000000-0x00000003fe2fffff]
Nov 24 14:32:33.421664 fedora kernel: Initmem setup node 0 [mem 0x0000000000001000-0x00000003fe2fffff]
Nov 24 14:32:33.421672 fedora kernel: On node 0, zone DMA: 1 pages in unavailable ranges
Nov 24 14:32:33.421679 fedora kernel: On node 0, zone DMA: 97 pages in unavailable ranges
Nov 24 14:32:33.421687 fedora kernel: On node 0, zone DMA32: 768 pages in unavailable ranges
Nov 24 14:32:33.421698 fedora kernel: On node 0, zone DMA32: 40 pages in unavailable ranges
Nov 24 14:32:33.421706 fedora kernel: On node 0, zone DMA32: 1 pages in unavailable ranges
Nov 24 14:32:33.421713 fedora kernel: On node 0, zone DMA32: 8704 pages in unavailable ranges
Nov 24 14:32:33.421721 fedora kernel: On node 0, zone DMA32: 3 pages in unavailable ranges
Nov 24 14:32:33.421729 fedora kernel: On node 0, zone DMA32: 43136 pages in unavailable ranges
Nov 24 14:32:33.421737 fedora kernel: On node 0, zone Normal: 20480 pages in unavailable ranges
Nov 24 14:32:33.421744 fedora kernel: On node 0, zone Normal: 7424 pages in unavailable ranges
Nov 24 14:32:33.421752 fedora kernel: ACPI: PM-Timer IO Port: 0x408
Nov 24 14:32:33.421760 fedora kernel: ACPI: LAPIC_NMI (acpi_id[0x00] high edge lint[0x1])
Nov 24 14:32:33.421768 fedora kernel: ACPI: LAPIC_NMI (acpi_id[0x01] high edge lint[0x1])
Nov 24 14:32:33.421779 fedora kernel: ACPI: LAPIC_NMI (acpi_id[0x02] high edge lint[0x1])
Nov 24 14:32:33.421787 fedora kernel: ACPI: LAPIC_NMI (acpi_id[0x03] high edge lint[0x1])
Nov 24 14:32:33.421795 fedora kernel: ACPI: LAPIC_NMI (acpi_id[0x04] high edge lint[0x1])
Nov 24 14:32:33.421802 fedora kernel: ACPI: LAPIC_NMI (acpi_id[0x05] high edge lint[0x1])
Nov 24 14:32:33.421810 fedora kernel: ACPI: LAPIC_NMI (acpi_id[0x06] high edge lint[0x1])
Nov 24 14:32:33.421818 fedora kernel: ACPI: LAPIC_NMI (acpi_id[0x07] high edge lint[0x1])
Nov 24 14:32:33.421826 fedora kernel: ACPI: LAPIC_NMI (acpi_id[0x08] high edge lint[0x1])
Nov 24 14:32:33.421833 fedora kernel: ACPI: LAPIC_NMI (acpi_id[0x09] high edge lint[0x1])
Nov 24 14:32:33.421841 fedora kernel: ACPI: LAPIC_NMI (acpi_id[0x0a] high edge lint[0x1])
Nov 24 14:32:33.421852 fedora kernel: ACPI: LAPIC_NMI (acpi_id[0x0b] high edge lint[0x1])
Nov 24 14:32:33.421860 fedora kernel: ACPI: LAPIC_NMI (acpi_id[0x0c] high edge lint[0x1])
Nov 24 14:32:33.421867 fedora kernel: ACPI: LAPIC_NMI (acpi_id[0x0d] high edge lint[0x1])
Nov 24 14:32:33.421875 fedora kernel: ACPI: LAPIC_NMI (acpi_id[0x0e] high edge lint[0x1])
Nov 24 14:32:33.421883 fedora kernel: ACPI: LAPIC_NMI (acpi_id[0x0f] high edge lint[0x1])
Nov 24 14:32:33.421891 fedora kernel: IOAPIC[0]: apic_id 33, version 33, address 0xfec00000, GSI 0-23
Nov 24 14:32:33.421898 fedora kernel: IOAPIC[1]: apic_id 34, version 33, address 0xfec01000, GSI 24-55
Nov 24 14:32:33.421906 fedora kernel: ACPI: INT_SRC_OVR (bus 0 bus_irq 0 global_irq 2 dfl dfl)
Nov 24 14:32:33.421914 fedora kernel: ACPI: INT_SRC_OVR (bus 0 bus_irq 9 global_irq 9 low level)
Nov 24 14:32:33.421922 fedora kernel: ACPI: Using ACPI (MADT) for SMP configuration information
Nov 24 14:32:33.421932 fedora kernel: ACPI: HPET id: 0x10228210 base: 0xfed00000
Nov 24 14:32:33.421940 fedora kernel: e820: update [mem 0x6b05d000-0x6b2bcfff] usable ==> reserved
Nov 24 14:32:33.421949 fedora kernel: smpboot: Allowing 16 CPUs, 0 hotplug CPUs
Nov 24 14:32:33.421957 fedora kernel: PM: hibernation: Registered nosave memory: [mem 0x00000000-0x00000fff]
Nov 24 14:32:33.421965 fedora kernel: PM: hibernation: Registered nosave memory: [mem 0x0009f000-0x000bffff]
Nov 24 14:32:33.421973 fedora kernel: PM: hibernation: Registered nosave memory: [mem 0x000c0000-0x000fffff]
Nov 24 14:32:33.421980 fedora kernel: PM: hibernation: Registered nosave memory: [mem 0x09b00000-0x09dfffff]
Nov 24 14:32:33.421988 fedora kernel: PM: hibernation: Registered nosave memory: [mem 0x09f00000-0x09f27fff]
Nov 24 14:32:33.421996 fedora kernel: PM: hibernation: Registered nosave memory: [mem 0x603ff000-0x603fffff]
Nov 24 14:32:33.422007 fedora kernel: PM: hibernation: Registered nosave memory: [mem 0x60924000-0x60924fff]
Nov 24 14:32:33.422014 fedora kernel: PM: hibernation: Registered nosave memory: [mem 0x6092e000-0x6092efff]
Nov 24 14:32:33.422022 fedora kernel: PM: hibernation: Registered nosave memory: [mem 0x62364000-0x64563fff]
Nov 24 14:32:33.422030 fedora kernel: PM: hibernation: Registered nosave memory: [mem 0x6456d000-0x6456ffff]
Nov 24 14:32:33.422038 fedora kernel: PM: hibernation: Registered nosave memory: [mem 0x6b05d000-0x6b2bcfff]
Nov 24 14:32:33.422046 fedora kernel: PM: hibernation: Registered nosave memory: [mem 0x6bfb2000-0x6bfb2fff]
Nov 24 14:32:33.422053 fedora kernel: PM: hibernation: Registered nosave memory: [mem 0x6f883000-0x6f88efff]
Nov 24 14:32:33.422061 fedora kernel: PM: hibernation: Registered nosave memory: [mem 0x6f88f000-0x6f88ffff]
Nov 24 14:32:33.422069 fedora kernel: PM: hibernation: Registered nosave memory: [mem 0x7077f000-0x72f7efff]
Nov 24 14:32:33.422080 fedora kernel: PM: hibernation: Registered nosave memory: [mem 0x72f7f000-0x7af7efff]
Nov 24 14:32:33.422088 fedora kernel: PM: hibernation: Registered nosave memory: [mem 0x7af7f000-0x7affefff]
Nov 24 14:32:33.422096 fedora kernel: PM: hibernation: Registered nosave memory: [mem 0x7b000000-0x7bffffff]
Nov 24 14:32:33.422104 fedora kernel: PM: hibernation: Registered nosave memory: [mem 0x7c000000-0x7d7fffff]
Nov 24 14:32:33.422112 fedora kernel: PM: hibernation: Registered nosave memory: [mem 0x7d800000-0x7fffffff]
Nov 24 14:32:33.422120 fedora kernel: PM: hibernation: Registered nosave memory: [mem 0x80000000-0xc01fffff]
Nov 24 14:32:33.422127 fedora kernel: PM: hibernation: Registered nosave memory: [mem 0xc0200000-0xc02fffff]
Nov 24 14:32:33.422135 fedora kernel: PM: hibernation: Registered nosave memory: [mem 0xc0300000-0xfed7ffff]
Nov 24 14:32:33.422143 fedora kernel: PM: hibernation: Registered nosave memory: [mem 0xfed80000-0xfed80fff]
Nov 24 14:32:33.422153 fedora kernel: PM: hibernation: Registered nosave memory: [mem 0xfed81000-0xfeffffff]
Nov 24 14:32:33.422161 fedora kernel: PM: hibernation: Registered nosave memory: [mem 0xff000000-0xffffffff]
Nov 24 14:32:33.422169 fedora kernel: [mem 0x80000000-0xc01fffff] available for PCI devices
Nov 24 14:32:33.422177 fedora kernel: Booting paravirtualized kernel on bare hardware
Nov 24 14:32:33.422185 fedora kernel: clocksource: refined-jiffies: mask: 0xffffffff max_cycles: 0xffffffff, max_idle_ns: 1910969940391419 ns
Nov 24 14:32:33.422193 fedora kernel: setup_percpu: NR_CPUS:8192 nr_cpumask_bits:16 nr_cpu_ids:16 nr_node_ids:1
Nov 24 14:32:33.422201 fedora kernel: percpu: Embedded 514 pages/cpu s2068480 r8192 d28672 u4194304
Nov 24 14:32:33.422208 fedora kernel: pcpu-alloc: s2068480 r8192 d28672 u4194304 alloc=2*2097152
Nov 24 14:32:33.422216 fedora kernel: pcpu-alloc: [0] 00 [0] 01 [0] 02 [0] 03 [0] 04 [0] 05 [0] 06 [0] 07 
Nov 24 14:32:33.422227 fedora kernel: pcpu-alloc: [0] 08 [0] 09 [0] 10 [0] 11 [0] 12 [0] 13 [0] 14 [0] 15 
Nov 24 14:32:33.422235 fedora kernel: Fallback order for Node 0: 0 
Nov 24 14:32:33.422243 fedora kernel: Built 1 zonelists, mobility grouping on.  Total pages: 3533118
Nov 24 14:32:33.422251 fedora kernel: Policy zone: Normal
Nov 24 14:32:33.422259 fedora kernel: Kernel command line: BOOT_IMAGE=(hd0,gpt5)/vmlinuz-6.1.0-0.rc4.20221108git59f2f4b8a757.36.fc38.x86_64 root=UUID=be8f04b0-8bef-4e83-bf24-bf87ee7dd6e9 ro rootflags=subvol=root resume=/dev/mapper/luks-e7271071-7a5a-4796-8e1a-f55ef660cd38 rd.luks.uuid=luks-2dcb69b1-9579-40fb-adeb-89b065171479 rd.luks.uuid=luks-e7271071-7a5a-4796-8e1a-f55ef660cd38 rhgb quiet drm.debug=0x116 log_buf_len=50M
Nov 24 14:32:33.422268 fedora kernel: Unknown kernel command line parameters "rhgb BOOT_IMAGE=(hd0,gpt5)/vmlinuz-6.1.0-0.rc4.20221108git59f2f4b8a757.36.fc38.x86_64", will be passed to user space.
Nov 24 14:32:33.422275 fedora kernel: Dentry cache hash table entries: 2097152 (order: 12, 16777216 bytes, linear)
Nov 24 14:32:33.422283 fedora kernel: Inode-cache hash table entries: 1048576 (order: 11, 8388608 bytes, linear)
Nov 24 14:32:33.422294 fedora kernel: mem auto-init: stack:all(zero), heap alloc:off, heap free:off
Nov 24 14:32:33.422302 fedora kernel: software IO TLB: area num 16.
Nov 24 14:32:33.422310 fedora kernel: Memory: 13512272K/14357448K available (18442K kernel code, 4116K rwdata, 12968K rodata, 4936K init, 32228K bss, 844916K reserved, 0K cma-reserved)
Nov 24 14:32:33.422327 fedora kernel: SLUB: HWalign=64, Order=0-3, MinObjects=0, CPUs=16, Nodes=1
Nov 24 14:32:33.422335 fedora kernel: kmemleak: Kernel memory leak detector disabled
Nov 24 14:32:33.422343 fedora kernel: ftrace: allocating 52099 entries in 204 pages
Nov 24 14:32:33.422351 fedora kernel: ftrace: allocated 204 pages with 4 groups
Nov 24 14:32:33.422359 fedora kernel: Dynamic Preempt: voluntary
Nov 24 14:32:33.422367 fedora kernel: Running RCU self tests
Nov 24 14:32:33.422375 fedora kernel: rcu: Preemptible hierarchical RCU implementation.
Nov 24 14:32:33.422387 fedora kernel: rcu:         RCU lockdep checking is enabled.
Nov 24 14:32:33.422395 fedora kernel: rcu:         RCU restricting CPUs from NR_CPUS=8192 to nr_cpu_ids=16.
Nov 24 14:32:33.422403 fedora kernel: rcu:         RCU callback double-/use-after-free debug is enabled.
Nov 24 14:32:33.422411 fedora kernel:         Trampoline variant of Tasks RCU enabled.
Nov 24 14:32:33.422419 fedora kernel:         Rude variant of Tasks RCU enabled.
Nov 24 14:32:33.422426 fedora kernel:         Tracing variant of Tasks RCU enabled.
Nov 24 14:32:33.422434 fedora kernel: rcu: RCU calculated value of scheduler-enlistment delay is 100 jiffies.
Nov 24 14:32:33.422442 fedora kernel: rcu: Adjusting geometry for rcu_fanout_leaf=16, nr_cpu_ids=16
Nov 24 14:32:33.422450 fedora kernel: NR_IRQS: 524544, nr_irqs: 1096, preallocated irqs: 16
Nov 24 14:32:33.422461 fedora kernel: rcu: srcu_init: Setting srcu_struct sizes based on contention.
Nov 24 14:32:33.422469 fedora kernel: Console: colour dummy device 80x25
Nov 24 14:32:33.422476 fedora kernel: printk: console [tty0] enabled
Nov 24 14:32:33.422484 fedora kernel: Lock dependency validator: Copyright (c) 2006 Red Hat, Inc., Ingo Molnar
Nov 24 14:32:33.422494 fedora kernel: ... MAX_LOCKDEP_SUBCLASSES:  8
Nov 24 14:32:33.422503 fedora kernel: ... MAX_LOCK_DEPTH:          48
Nov 24 14:32:33.422510 fedora kernel: ... MAX_LOCKDEP_KEYS:        8192
Nov 24 14:32:33.422518 fedora kernel: ... CLASSHASH_SIZE:          4096
Nov 24 14:32:33.422525 fedora kernel: ... MAX_LOCKDEP_ENTRIES:     65536
Nov 24 14:32:33.422537 fedora kernel: ... MAX_LOCKDEP_CHAINS:      262144
Nov 24 14:32:33.422545 fedora kernel: ... CHAINHASH_SIZE:          131072
Nov 24 14:32:33.422553 fedora kernel:  memory used by lock dependency info: 17577 kB
Nov 24 14:32:33.422560 fedora kernel:  memory used for stack traces: 4224 kB
Nov 24 14:32:33.422568 fedora kernel:  per task-struct memory footprint: 2688 bytes
Nov 24 14:32:33.422576 fedora kernel: ACPI: Core revision 20220331
Nov 24 14:32:33.422584 fedora kernel: clocksource: hpet: mask: 0xffffffff max_cycles: 0xffffffff, max_idle_ns: 133484873504 ns
Nov 24 14:32:33.422592 fedora kernel: APIC: Switch to symmetric I/O mode setup
Nov 24 14:32:33.422600 fedora kernel: AMD-Vi: ivrs, add hid:AMDI0020, uid:\_SB.FUR0, rdevid:160
Nov 24 14:32:33.422607 fedora kernel: AMD-Vi: ivrs, add hid:AMDI0020, uid:\_SB.FUR1, rdevid:160
Nov 24 14:32:33.422618 fedora kernel: AMD-Vi: ivrs, add hid:AMDI0020, uid:\_SB.FUR2, rdevid:160
Nov 24 14:32:33.422626 fedora kernel: AMD-Vi: ivrs, add hid:AMDI0020, uid:\_SB.FUR3, rdevid:160
Nov 24 14:32:33.422634 fedora kernel: AMD-Vi: Using global IVHD EFR:0x246577efa2254afa, EFR2:0x0
Nov 24 14:32:33.422642 fedora kernel: x2apic: IRQ remapping doesn't support X2APIC mode
Nov 24 14:32:33.422650 fedora kernel: Switched APIC routing to physical flat.
Nov 24 14:32:33.422658 fedora kernel: ..TIMER: vector=0x30 apic1=0 pin1=2 apic2=-1 pin2=-1
Nov 24 14:32:33.422666 fedora kernel: clocksource: tsc-early: mask: 0xffffffffffffffff max_cycles: 0x26d8ac264dd, max_idle_ns: 440795299602 ns
Nov 24 14:32:33.422675 fedora kernel: Calibrating delay loop (skipped), value calculated using timer frequency.. 5389.93 BogoMIPS (lpj=2694967)
Nov 24 14:32:33.422707 fedora kernel: pid_max: default: 32768 minimum: 301
Nov 24 14:32:33.422718 fedora kernel: ---[ User Space ]---
Nov 24 14:32:33.422726 fedora kernel: 0x0000000000000000-0x0000000000001000           4K     RW                     NX pte
Nov 24 14:32:33.422734 fedora kernel: 0x0000000000001000-0x0000000000087000         536K                               pte
Nov 24 14:32:33.422745 fedora kernel: 0x0000000000087000-0x0000000000088000           4K                               pte
Nov 24 14:32:33.422753 fedora kernel: 0x0000000000088000-0x0000000000200000        1504K                               pte
Nov 24 14:32:33.422761 fedora kernel: 0x0000000000200000-0x0000000054200000        1344M                               pmd
Nov 24 14:32:33.422769 fedora kernel: 0x0000000054200000-0x000000005437f000        1532K                               pte
Nov 24 14:32:33.422777 fedora kernel: 0x000000005437f000-0x00000000543ff000         512K                               pte
Nov 24 14:32:33.422785 fedora kernel: 0x00000000543ff000-0x0000000054400000           4K                               pte
Nov 24 14:32:33.422793 fedora kernel: 0x0000000054400000-0x0000000060200000         190M                               pmd
Nov 24 14:32:33.422801 fedora kernel: 0x0000000060200000-0x00000000603fd000        2036K                               pte
Nov 24 14:32:33.422809 fedora kernel: 0x00000000603fd000-0x00000000603ff000           8K                               pte
Nov 24 14:32:33.422820 fedora kernel: 0x00000000603ff000-0x0000000060800000        4100K     RW                     NX pte
Nov 24 14:32:33.422828 fedora kernel: 0x0000000060800000-0x000000006092f000        1212K                               pte
Nov 24 14:32:33.422836 fedora kernel: 0x000000006092f000-0x000000006094f000         128K                               pte
Nov 24 14:32:33.422844 fedora kernel: 0x000000006094f000-0x0000000060972000         140K                               pte
Nov 24 14:32:33.422852 fedora kernel: 0x0000000060972000-0x0000000060990000         120K                               pte
Nov 24 14:32:33.422860 fedora kernel: 0x0000000060990000-0x00000000609b9000         164K                               pte
Nov 24 14:32:33.422868 fedora kernel: 0x00000000609b9000-0x00000000609ea000         196K                               pte
Nov 24 14:32:33.422876 fedora kernel: 0x00000000609ea000-0x00000000609eb000           4K                               pte
Nov 24 14:32:33.422884 fedora kernel: 0x00000000609eb000-0x0000000062335000       25896K                               pte
Nov 24 14:32:33.422896 fedora kernel: 0x0000000062335000-0x0000000062364000         188K                               pte
Nov 24 14:32:33.422905 fedora kernel: 0x0000000062364000-0x0000000062400000         624K                               pte
Nov 24 14:32:33.422912 fedora kernel: 0x0000000062400000-0x0000000064400000          32M                               pmd
Nov 24 14:32:33.422921 fedora kernel: 0x0000000064400000-0x0000000064564000        1424K                               pte
Nov 24 14:32:33.422932 fedora kernel: 0x0000000064564000-0x000000006456b000          28K                               pte
Nov 24 14:32:33.422944 fedora kernel: 0x000000006456b000-0x000000006456d000           8K                               pte
Nov 24 14:32:33.422953 fedora kernel: 0x000000006456d000-0x0000000064570000          12K     RW                     NX pte
Nov 24 14:32:33.422961 fedora kernel: 0x0000000064570000-0x0000000064600000         576K                               pte
Nov 24 14:32:33.422969 fedora kernel: 0x0000000064600000-0x000000006ac00000         102M                               pmd
Nov 24 14:32:33.422977 fedora kernel: 0x000000006ac00000-0x000000006ac67000         412K                               pte
Nov 24 14:32:33.422985 fedora kernel: 0x000000006ac67000-0x000000006af92000        3244K                               pte
Nov 24 14:32:33.422993 fedora kernel: 0x000000006af92000-0x000000006b05d000         812K                               pte
Nov 24 14:32:33.423001 fedora kernel: 0x000000006b05d000-0x000000006b2bd000        2432K     RW                     NX pte
Nov 24 14:32:33.423009 fedora kernel: 0x000000006b2bd000-0x000000006b90d000        6464K                               pte
Nov 24 14:32:33.423020 fedora kernel: 0x000000006b90d000-0x000000006babd000        1728K                               pte
Nov 24 14:32:33.423028 fedora kernel: 0x000000006babd000-0x000000006bfb2000        5076K                               pte
Nov 24 14:32:33.423036 fedora kernel: 0x000000006bfb2000-0x000000006c000000         312K     RW                     NX pte
Nov 24 14:32:33.423044 fedora kernel: 0x000000006c000000-0x000000006e600000          38M     RW         PSE         NX pmd
Nov 24 14:32:33.423052 fedora kernel: 0x000000006e600000-0x000000006e77f000        1532K     RW                     NX pte
Nov 24 14:32:33.423060 fedora kernel: 0x000000006e77f000-0x000000006e800000         516K                               pte
Nov 24 14:32:33.423068 fedora kernel: 0x000000006e800000-0x000000006f800000          16M                               pmd
Nov 24 14:32:33.423076 fedora kernel: 0x000000006f800000-0x000000006f890000         576K                               pte
Nov 24 14:32:33.423086 fedora kernel: 0x000000006f890000-0x000000007077f000       15292K                               pte
Nov 24 14:32:33.423094 fedora kernel: 0x000000007077f000-0x0000000070800000         516K     RW                     NX pte
Nov 24 14:32:33.423102 fedora kernel: 0x0000000070800000-0x0000000070e00000           6M     RW         PSE         NX pmd
Nov 24 14:32:33.423110 fedora kernel: 0x0000000070e00000-0x0000000070e89000         548K     RW                     NX pte
Nov 24 14:32:33.423118 fedora kernel: 0x0000000070e89000-0x0000000070e8d000          16K     ro                     x  pte
Nov 24 14:32:33.423126 fedora kernel: 0x0000000070e8d000-0x0000000070e92000          20K     RW                     NX pte
Nov 24 14:32:33.423134 fedora kernel: 0x0000000070e92000-0x0000000070e95000          12K     ro                     x  pte
Nov 24 14:32:33.423142 fedora kernel: 0x0000000070e95000-0x0000000070e9a000          20K     RW                     NX pte
Nov 24 14:32:33.423150 fedora kernel: 0x0000000070e9a000-0x0000000070ea1000          28K     ro                     x  pte
Nov 24 14:32:33.423161 fedora kernel: 0x0000000070ea1000-0x0000000070ed5000         208K     RW                     NX pte
Nov 24 14:32:33.423169 fedora kernel: 0x0000000070ed5000-0x0000000070ed6000           4K     ro                     x  pte
Nov 24 14:32:33.423177 fedora kernel: 0x0000000070ed6000-0x0000000070eda000          16K     RW                     NX pte
Nov 24 14:32:33.423185 fedora kernel: 0x0000000070eda000-0x0000000070edc000           8K     ro                     x  pte
Nov 24 14:32:33.423193 fedora kernel: 0x0000000070edc000-0x0000000070ee0000          16K     RW                     NX pte
Nov 24 14:32:33.423201 fedora kernel: 0x0000000070ee0000-0x0000000070ee4000          16K     ro                     x  pte
Nov 24 14:32:33.423209 fedora kernel: 0x0000000070ee4000-0x0000000070ee8000          16K     RW                     NX pte
Nov 24 14:32:33.423217 fedora kernel: 0x0000000070ee8000-0x0000000070eeb000          12K     ro                     x  pte
Nov 24 14:32:33.423225 fedora kernel: 0x0000000070eeb000-0x0000000070ef0000          20K     RW                     NX pte
Nov 24 14:32:33.423236 fedora kernel: 0x0000000070ef0000-0x0000000070ef1000           4K     ro                     x  pte
Nov 24 14:32:33.423244 fedora kernel: 0x0000000070ef1000-0x0000000070ef5000          16K     RW                     NX pte
Nov 24 14:32:33.423252 fedora kernel: 0x0000000070ef5000-0x0000000070ef7000           8K     ro                     x  pte
Nov 24 14:32:33.423260 fedora kernel: 0x0000000070ef7000-0x0000000070efc000          20K     RW                     NX pte
Nov 24 14:32:33.423268 fedora kernel: 0x0000000070efc000-0x0000000070efe000           8K     ro                     x  pte
Nov 24 14:32:33.423276 fedora kernel: 0x0000000070efe000-0x0000000070f03000          20K     RW                     NX pte
Nov 24 14:32:33.423284 fedora kernel: 0x0000000070f03000-0x0000000070f08000          20K     ro                     x  pte
Nov 24 14:32:33.423292 fedora kernel: 0x0000000070f08000-0x0000000070f0d000          20K     RW                     NX pte
Nov 24 14:32:33.423303 fedora kernel: 0x0000000070f0d000-0x0000000070f0e000           4K     ro                     x  pte
Nov 24 14:32:33.423311 fedora kernel: 0x0000000070f0e000-0x0000000070f13000          20K     RW                     NX pte
Nov 24 14:32:33.423332 fedora kernel: 0x0000000070f13000-0x0000000070f14000           4K     ro                     x  pte
Nov 24 14:32:33.423340 fedora kernel: 0x0000000070f14000-0x0000000070f19000          20K     RW                     NX pte
Nov 24 14:32:33.423348 fedora kernel: 0x0000000070f19000-0x0000000070f1c000          12K     ro                     x  pte
Nov 24 14:32:33.423357 fedora kernel: 0x0000000070f1c000-0x0000000070f20000          16K     RW                     NX pte
Nov 24 14:32:33.423365 fedora kernel: 0x0000000070f20000-0x0000000070f21000           4K     ro                     x  pte
Nov 24 14:32:33.423374 fedora kernel: 0x0000000070f21000-0x0000000070f26000          20K     RW                     NX pte
Nov 24 14:32:33.423382 fedora kernel: 0x0000000070f26000-0x0000000070f37000          68K     ro                     x  pte
Nov 24 14:32:33.423394 fedora kernel: 0x0000000070f37000-0x0000000070f3e000          28K     RW                     NX pte
Nov 24 14:32:33.423403 fedora kernel: 0x0000000070f3e000-0x0000000070f3f000           4K     ro                     x  pte
Nov 24 14:32:33.423413 fedora kernel: 0x0000000070f3f000-0x0000000070f44000          20K     RW                     NX pte
Nov 24 14:32:33.423421 fedora kernel: 0x0000000070f44000-0x0000000070f69000         148K     ro                     x  pte
Nov 24 14:32:33.423432 fedora kernel: 0x0000000070f69000-0x0000000070f77000          56K     RW                     NX pte
Nov 24 14:32:33.423440 fedora kernel: 0x0000000070f77000-0x0000000070f7b000          16K     ro                     x  pte
Nov 24 14:32:33.423448 fedora kernel: 0x0000000070f7b000-0x0000000071000000         532K     RW                     NX pte
Nov 24 14:32:33.423456 fedora kernel: 0x0000000071000000-0x0000000071e00000          14M     RW         PSE         NX pmd
Nov 24 14:32:33.423464 fedora kernel: 0x0000000071e00000-0x0000000071f7f000        1532K     RW                     NX pte
Nov 24 14:32:33.423476 fedora kernel: 0x0000000071f7f000-0x0000000072000000         516K                               pte
Nov 24 14:32:33.423484 fedora kernel: 0x0000000072000000-0x000000007ae00000         142M                               pmd
Nov 24 14:32:33.423491 fedora kernel: 0x000000007ae00000-0x000000007afff000        2044K                               pte
Nov 24 14:32:33.423499 fedora kernel: 0x000000007afff000-0x000000007b000000           4K                               pte
Nov 24 14:32:33.423507 fedora kernel: 0x000000007b000000-0x0000000080000000          80M                               pmd
Nov 24 14:32:33.423515 fedora kernel: 0x0000000080000000-0x00000000c0000000           1G                               pud
Nov 24 14:32:33.423523 fedora kernel: 0x00000000c0000000-0x00000000c0200000           2M                               pmd
Nov 24 14:32:33.423531 fedora kernel: 0x00000000c0200000-0x00000000c0300000           1M     RW     PCD             NX pte
Nov 24 14:32:33.423542 fedora kernel: 0x00000000c0300000-0x00000000c0400000           1M                               pte
Nov 24 14:32:33.423550 fedora kernel: 0x00000000c0400000-0x00000000fec00000        1000M                               pmd
Nov 24 14:32:33.423558 fedora kernel: 0x00000000fec00000-0x00000000fed80000        1536K                               pte
Nov 24 14:32:33.423566 fedora kernel: 0x00000000fed80000-0x00000000fed81000           4K     RW     PCD             NX pte
Nov 24 14:32:33.423574 fedora kernel: 0x00000000fed81000-0x00000000fee00000         508K                               pte
Nov 24 14:32:33.423582 fedora kernel: 0x00000000fee00000-0x00000000ff000000           2M                               pmd
Nov 24 14:32:33.423590 fedora kernel: 0x00000000ff000000-0x0000000100000000          16M     RW     PCD PSE         NX pmd
Nov 24 14:32:33.423598 fedora kernel: 0x0000000100000000-0x0000000100200000           2M                               pmd
Nov 24 14:32:33.423606 fedora kernel: 0x0000000100200000-0x0000000100216000          88K                               pte
Nov 24 14:32:33.423617 fedora kernel: 0x0000000100216000-0x0000000100218000           8K     RW                     NX pte
Nov 24 14:32:33.423625 fedora kernel: 0x0000000100218000-0x0000000100400000        1952K                               pte
Nov 24 14:32:33.423633 fedora kernel: 0x0000000100400000-0x0000000140000000        1020M                               pmd
Nov 24 14:32:33.423641 fedora kernel: 0x0000000140000000-0x0000000480000000          13G                               pud
Nov 24 14:32:33.423649 fedora kernel: 0x0000000480000000-0x00000004a0200000         514M     RW     PCD PSE         NX pmd
Nov 24 14:32:33.423657 fedora kernel: 0x00000004a0200000-0x00000004c0000000         510M                               pmd
Nov 24 14:32:33.423665 fedora kernel: 0x00000004c0000000-0x0000008000000000         493G                               pud
Nov 24 14:32:33.423673 fedora kernel: 0x0000008000000000-0xffff880000000000   17179745792G                               pgd
Nov 24 14:32:33.423681 fedora kernel: ---[ Kernel Space ]---
Nov 24 14:32:33.423692 fedora kernel: 0xffff880000000000-0xffff888000000000         512G                               pgd
Nov 24 14:32:33.423700 fedora kernel: ---[ LDT remap ]---
Nov 24 14:32:33.423708 fedora kernel: 0xffff888000000000-0xffff890000000000         512G                               pgd
Nov 24 14:32:33.423716 fedora kernel: ---[ Low Kernel Mapping ]---
Nov 24 14:32:33.423724 fedora kernel: 0xffff890000000000-0xffff898000000000         512G                               pgd
Nov 24 14:32:33.423732 fedora kernel: ---[ vmalloc() Area ]---
Nov 24 14:32:33.423740 fedora kernel: 0xffff898000000000-0xffff8a0000000000         512G                               pgd
Nov 24 14:32:33.423748 fedora kernel: ---[ Vmemmap ]---
Nov 24 14:32:33.423756 fedora kernel: 0xffff8a0000000000-0xffff988000000000       14848G                               pgd
Nov 24 14:32:33.423767 fedora kernel: 0xffff988000000000-0xffff98bb00000000         236G                               pud
Nov 24 14:32:33.423775 fedora kernel: 0xffff98bb00000000-0xffff98bb00200000           2M     RW                 GLB NX pte
Nov 24 14:32:33.423783 fedora kernel: 0xffff98bb00200000-0xffff98bb09a00000         152M     RW         PSE     GLB NX pmd
Nov 24 14:32:33.423791 fedora kernel: 0xffff98bb09a00000-0xffff98bb09b00000           1M     RW                 GLB NX pte
Nov 24 14:32:33.423799 fedora kernel: 0xffff98bb09b00000-0xffff98bb09c00000           1M                               pte
Nov 24 14:32:33.423807 fedora kernel: 0xffff98bb09c00000-0xffff98bb09e00000           2M                               pmd
Nov 24 14:32:33.423815 fedora kernel: 0xffff98bb09e00000-0xffff98bb09f00000           1M     RW                 GLB NX pte
Nov 24 14:32:33.423823 fedora kernel: 0xffff98bb09f00000-0xffff98bb09f28000         160K                               pte
Nov 24 14:32:33.423831 fedora kernel: 0xffff98bb09f28000-0xffff98bb0a000000         864K     RW                 GLB NX pte
Nov 24 14:32:33.423841 fedora kernel: 0xffff98bb0a000000-0xffff98bb60200000        1378M     RW         PSE     GLB NX pmd
Nov 24 14:32:33.423849 fedora kernel: 0xffff98bb60200000-0xffff98bb603ff000        2044K     RW                 GLB NX pte
Nov 24 14:32:33.423857 fedora kernel: 0xffff98bb603ff000-0xffff98bb60400000           4K                               pte
Nov 24 14:32:33.423865 fedora kernel: 0xffff98bb60400000-0xffff98bb62200000          30M     RW         PSE     GLB NX pmd
Nov 24 14:32:33.423873 fedora kernel: 0xffff98bb62200000-0xffff98bb62364000        1424K     RW                 GLB NX pte
Nov 24 14:32:33.423881 fedora kernel: 0xffff98bb62364000-0xffff98bb62400000         624K                               pte
Nov 24 14:32:33.423889 fedora kernel: 0xffff98bb62400000-0xffff98bb64400000          32M                               pmd
Nov 24 14:32:33.423897 fedora kernel: 0xffff98bb64400000-0xffff98bb64564000        1424K                               pte
Nov 24 14:32:33.423905 fedora kernel: 0xffff98bb64564000-0xffff98bb6456d000          36K     RW                 GLB NX pte
Nov 24 14:32:33.423916 fedora kernel: 0xffff98bb6456d000-0xffff98bb64570000          12K                               pte
Nov 24 14:32:33.423924 fedora kernel: 0xffff98bb64570000-0xffff98bb64600000         576K     RW                 GLB NX pte
Nov 24 14:32:33.423932 fedora kernel: 0xffff98bb64600000-0xffff98bb70600000         192M     RW         PSE     GLB NX pmd
Nov 24 14:32:33.423940 fedora kernel: 0xffff98bb70600000-0xffff98bb7077f000        1532K     RW                 GLB NX pte
Nov 24 14:32:33.423948 fedora kernel: 0xffff98bb7077f000-0xffff98bb70800000         516K                               pte
Nov 24 14:32:33.423956 fedora kernel: 0xffff98bb70800000-0xffff98bb7ae00000         166M                               pmd
Nov 24 14:32:33.423964 fedora kernel: 0xffff98bb7ae00000-0xffff98bb7afff000        2044K                               pte
Nov 24 14:32:33.423975 fedora kernel: 0xffff98bb7afff000-0xffff98bb7b000000           4K     RW                 GLB NX pte
Nov 24 14:32:33.423986 fedora kernel: 0xffff98bb7b000000-0xffff98bb80000000          80M                               pmd
Nov 24 14:32:33.423994 fedora kernel: 0xffff98bb80000000-0xffff98bc00000000           2G                               pud
Nov 24 14:32:33.424002 fedora kernel: 0xffff98bc00000000-0xffff98be80000000          10G     RW         PSE     GLB NX pud
Nov 24 14:32:33.424010 fedora kernel: 0xffff98be80000000-0xffff98be8e000000         224M     RW         PSE     GLB NX pmd
Nov 24 14:32:33.424018 fedora kernel: 0xffff98be8e000000-0xffff98be8e08a000         552K     RW                 GLB NX pte
Nov 24 14:32:33.424026 fedora kernel: 0xffff98be8e08a000-0xffff98be8e08b000           4K     ro                 GLB NX pte
Nov 24 14:32:33.424034 fedora kernel: 0xffff98be8e08b000-0xffff98be8e200000        1492K     RW                 GLB NX pte
Nov 24 14:32:33.424042 fedora kernel: 0xffff98be8e200000-0xffff98befe200000        1792M     RW         PSE     GLB NX pmd
Nov 24 14:32:33.424050 fedora kernel: 0xffff98befe200000-0xffff98befe300000           1M     RW                 GLB NX pte
Nov 24 14:32:33.424061 fedora kernel: 0xffff98befe300000-0xffff98befe400000           1M                               pte
Nov 24 14:32:33.424069 fedora kernel: 0xffff98befe400000-0xffff98bf00000000          28M                               pmd
Nov 24 14:32:33.424077 fedora kernel: 0xffff98bf00000000-0xffff990000000000         260G                               pud
Nov 24 14:32:33.424084 fedora kernel: 0xffff990000000000-0xffffb00000000000          23T                               pgd
Nov 24 14:32:33.424092 fedora kernel: 0xffffb00000000000-0xffffb043c0000000         271G                               pud
Nov 24 14:32:33.424099 fedora kernel: 0xffffb043c0000000-0xffffb043c0004000          16K     RW                 GLB NX pte
Nov 24 14:32:33.424107 fedora kernel: 0xffffb043c0004000-0xffffb043c0005000           4K                               pte
Nov 24 14:32:33.424114 fedora kernel: 0xffffb043c0005000-0xffffb043c0006000           4K     RW                 GLB NX pte
Nov 24 14:32:33.424122 fedora kernel: 0xffffb043c0006000-0xffffb043c0007000           4K                               pte
Nov 24 14:32:33.424133 fedora kernel: 0xffffb043c0007000-0xffffb043c0008000           4K     RW                 GLB NX pte
Nov 24 14:32:33.424141 fedora kernel: 0xffffb043c0008000-0xffffb043c0009000           4K                               pte
Nov 24 14:32:33.424148 fedora kernel: 0xffffb043c0009000-0xffffb043c000a000           4K     RW                 GLB NX pte
Nov 24 14:32:33.424156 fedora kernel: 0xffffb043c000a000-0xffffb043c000b000           4K                               pte
Nov 24 14:32:33.424163 fedora kernel: 0xffffb043c000b000-0xffffb043c000c000           4K     RW                 GLB NX pte
Nov 24 14:32:33.424171 fedora kernel: 0xffffb043c000c000-0xffffb043c000d000           4K                               pte
Nov 24 14:32:33.424179 fedora kernel: 0xffffb043c000d000-0xffffb043c000e000           4K     RW                 GLB NX pte
Nov 24 14:32:33.424186 fedora kernel: 0xffffb043c000e000-0xffffb043c0010000           8K                               pte
Nov 24 14:32:33.424197 fedora kernel: 0xffffb043c0010000-0xffffb043c001d000          52K     RW                 GLB NX pte
Nov 24 14:32:33.424205 fedora kernel: 0xffffb043c001d000-0xffffb043c001e000           4K                               pte
Nov 24 14:32:33.424212 fedora kernel: 0xffffb043c001e000-0xffffb043c001f000           4K     RW                 GLB NX pte
Nov 24 14:32:33.424220 fedora kernel: 0xffffb043c001f000-0xffffb043c0020000           4K                               pte
Nov 24 14:32:33.424227 fedora kernel: 0xffffb043c0020000-0xffffb043c0028000          32K     RW                 GLB NX pte
Nov 24 14:32:33.424235 fedora kernel: 0xffffb043c0028000-0xffffb043c0029000           4K                               pte
Nov 24 14:32:33.424242 fedora kernel: 0xffffb043c0029000-0xffffb043c002a000           4K     RW                 GLB NX pte
Nov 24 14:32:33.424250 fedora kernel: 0xffffb043c002a000-0xffffb043c002c000           8K                               pte
Nov 24 14:32:33.424257 fedora kernel: 0xffffb043c002c000-0xffffb043c002e000           8K     RW                 GLB NX pte
Nov 24 14:32:33.424268 fedora kernel: 0xffffb043c002e000-0xffffb043c002f000           4K                               pte
Nov 24 14:32:33.424276 fedora kernel: 0xffffb043c002f000-0xffffb043c0030000           4K     RW                 GLB NX pte
Nov 24 14:32:33.424283 fedora kernel: 0xffffb043c0030000-0xffffb043c0031000           4K                               pte
Nov 24 14:32:33.424291 fedora kernel: 0xffffb043c0031000-0xffffb043c0032000           4K     RW                 GLB NX pte
Nov 24 14:32:33.424299 fedora kernel: 0xffffb043c0032000-0xffffb043c0033000           4K                               pte
Nov 24 14:32:33.424306 fedora kernel: 0xffffb043c0033000-0xffffb043c0034000           4K     RW                 GLB NX pte
Nov 24 14:32:33.424348 fedora kernel: 0xffffb043c0034000-0xffffb043c0035000           4K                               pte
Nov 24 14:32:33.424357 fedora kernel: 0xffffb043c0035000-0xffffb043c0036000           4K     RW                 GLB NX pte
Nov 24 14:32:33.424365 fedora kernel: 0xffffb043c0036000-0xffffb043c0037000           4K                               pte
Nov 24 14:32:33.424378 fedora kernel: 0xffffb043c0037000-0xffffb043c0038000           4K     RW                 GLB NX pte
Nov 24 14:32:33.424386 fedora kernel: 0xffffb043c0038000-0xffffb043c0039000           4K                               pte
Nov 24 14:32:33.424394 fedora kernel: 0xffffb043c0039000-0xffffb043c003a000           4K     RW                 GLB NX pte
Nov 24 14:32:33.424401 fedora kernel: 0xffffb043c003a000-0xffffb043c003b000           4K                               pte
Nov 24 14:32:33.424409 fedora kernel: 0xffffb043c003b000-0xffffb043c003c000           4K     RW                 GLB NX pte
Nov 24 14:32:33.424417 fedora kernel: 0xffffb043c003c000-0xffffb043c003d000           4K                               pte
Nov 24 14:32:33.424424 fedora kernel: 0xffffb043c003d000-0xffffb043c003e000           4K     RW                 GLB NX pte
Nov 24 14:32:33.424432 fedora kernel: 0xffffb043c003e000-0xffffb043c003f000           4K                               pte
Nov 24 14:32:33.424443 fedora kernel: 0xffffb043c003f000-0xffffb043c0040000           4K     RW                 GLB NX pte
Nov 24 14:32:33.424450 fedora kernel: 0xffffb043c0040000-0xffffb043c0041000           4K                               pte
Nov 24 14:32:33.424458 fedora kernel: 0xffffb043c0041000-0xffffb043c0042000           4K     RW                 GLB NX pte
Nov 24 14:32:33.424466 fedora kernel: 0xffffb043c0042000-0xffffb043c0043000           4K                               pte
Nov 24 14:32:33.424473 fedora kernel: 0xffffb043c0043000-0xffffb043c0044000           4K     RW                 GLB NX pte
Nov 24 14:32:33.424481 fedora kernel: 0xffffb043c0044000-0xffffb043c0045000           4K                               pte
Nov 24 14:32:33.424489 fedora kernel: 0xffffb043c0045000-0xffffb043c0046000           4K     RW                 GLB NX pte
Nov 24 14:32:33.424497 fedora kernel: 0xffffb043c0046000-0xffffb043c0048000           8K                               pte
Nov 24 14:32:33.424504 fedora kernel: 0xffffb043c0048000-0xffffb043c004e000          24K     RW                 GLB NX pte
Nov 24 14:32:33.424515 fedora kernel: 0xffffb043c004e000-0xffffb043c0050000           8K                               pte
Nov 24 14:32:33.424523 fedora kernel: 0xffffb043c0050000-0xffffb043c005b000          44K     RW                 GLB NX pte
Nov 24 14:32:33.424531 fedora kernel: 0xffffb043c005b000-0xffffb043c005c000           4K                               pte
Nov 24 14:32:33.424538 fedora kernel: 0xffffb043c005c000-0xffffb043c005d000           4K     RW                 GLB NX pte
Nov 24 14:32:33.424546 fedora kernel: 0xffffb043c005d000-0xffffb043c005e000           4K                               pte
Nov 24 14:32:33.424554 fedora kernel: 0xffffb043c005e000-0xffffb043c0060000           8K     RW                 GLB NX pte
Nov 24 14:32:33.424562 fedora kernel: 0xffffb043c0060000-0xffffb043c0062000           8K                               pte
Nov 24 14:32:33.424569 fedora kernel: 0xffffb043c0062000-0xffffb043c0064000           8K     RW                 GLB NX pte
Nov 24 14:32:33.424577 fedora kernel: 0xffffb043c0064000-0xffffb043c0065000           4K                               pte
Nov 24 14:32:33.424588 fedora kernel: 0xffffb043c0065000-0xffffb043c0066000           4K     RW                 GLB NX pte
Nov 24 14:32:33.424595 fedora kernel: 0xffffb043c0066000-0xffffb043c0068000           8K                               pte
Nov 24 14:32:33.424603 fedora kernel: 0xffffb043c0068000-0xffffb043c0070000          32K     RW                 GLB NX pte
Nov 24 14:32:33.424611 fedora kernel: 0xffffb043c0070000-0xffffb043c0071000           4K                               pte
Nov 24 14:32:33.424619 fedora kernel: 0xffffb043c0071000-0xffffb043c0072000           4K     RW                 GLB NX pte
Nov 24 14:32:33.424626 fedora kernel: 0xffffb043c0072000-0xffffb043c0074000           8K                               pte
Nov 24 14:32:33.424634 fedora kernel: 0xffffb043c0074000-0xffffb043c0076000           8K     RW                 GLB NX pte
Nov 24 14:32:33.424642 fedora kernel: 0xffffb043c0076000-0xffffb043c0077000           4K                               pte
Nov 24 14:32:33.424649 fedora kernel: 0xffffb043c0077000-0xffffb043c0078000           4K     RW                 GLB NX pte
Nov 24 14:32:33.424662 fedora kernel: 0xffffb043c0078000-0xffffb043c0079000           4K                               pte
Nov 24 14:32:33.424670 fedora kernel: 0xffffb043c0079000-0xffffb043c007a000           4K     RW                 GLB NX pte
Nov 24 14:32:33.424677 fedora kernel: 0xffffb043c007a000-0xffffb043c007b000           4K                               pte
Nov 24 14:32:33.424685 fedora kernel: 0xffffb043c007b000-0xffffb043c007c000           4K     RW                 GLB NX pte
Nov 24 14:32:33.424692 fedora kernel: 0xffffb043c007c000-0xffffb043c007e000           8K                               pte
Nov 24 14:32:33.424700 fedora kernel: 0xffffb043c007e000-0xffffb043c0080000           8K     RW                 GLB NX pte
Nov 24 14:32:33.424707 fedora kernel: 0xffffb043c0080000-0xffffb043c0081000           4K                               pte
Nov 24 14:32:33.424715 fedora kernel: 0xffffb043c0081000-0xffffb043c0082000           4K     RW                 GLB NX pte
Nov 24 14:32:33.424726 fedora kernel: 0xffffb043c0082000-0xffffb043c0083000           4K                               pte
Nov 24 14:32:33.424733 fedora kernel: 0xffffb043c0083000-0xffffb043c0084000           4K     RW                 GLB NX pte
Nov 24 14:32:33.424741 fedora kernel: 0xffffb043c0084000-0xffffb043c0085000           4K                               pte
Nov 24 14:32:33.424748 fedora kernel: 0xffffb043c0085000-0xffffb043c0086000           4K     RW                 GLB NX pte
Nov 24 14:32:33.424756 fedora kernel: 0xffffb043c0086000-0xffffb043c0088000           8K                               pte
Nov 24 14:32:33.424764 fedora kernel: 0xffffb043c0088000-0xffffb043c0090000          32K     RW                 GLB NX pte
Nov 24 14:32:33.424771 fedora kernel: 0xffffb043c0090000-0xffffb043c0091000           4K                               pte
Nov 24 14:32:33.424779 fedora kernel: 0xffffb043c0091000-0xffffb043c0092000           4K     RW                 GLB NX pte
Nov 24 14:32:33.424786 fedora kernel: 0xffffb043c0092000-0xffffb043c0094000           8K                               pte
Nov 24 14:32:33.424797 fedora kernel: 0xffffb043c0094000-0xffffb043c0096000           8K     RW                 GLB NX pte
Nov 24 14:32:33.424805 fedora kernel: 0xffffb043c0096000-0xffffb043c0098000           8K                               pte
Nov 24 14:32:33.424812 fedora kernel: 0xffffb043c0098000-0xffffb043c009d000          20K     RW                 GLB NX pte
Nov 24 14:32:33.424820 fedora kernel: 0xffffb043c009d000-0xffffb043c009e000           4K                               pte
Nov 24 14:32:33.424827 fedora kernel: 0xffffb043c009e000-0xffffb043c009f000           4K     RW                 GLB NX pte
Nov 24 14:32:33.424835 fedora kernel: 0xffffb043c009f000-0xffffb043c00a0000           4K                               pte
Nov 24 14:32:33.424843 fedora kernel: 0xffffb043c00a0000-0xffffb043c00a1000           4K     RW     PCD         GLB NX pte
Nov 24 14:32:33.424850 fedora kernel: 0xffffb043c00a1000-0xffffb043c0100000         380K                               pte
Nov 24 14:32:33.424858 fedora kernel: 0xffffb043c0100000-0xffffb043c0180000         512K     RW     PCD         GLB NX pte
Nov 24 14:32:33.424869 fedora kernel: 0xffffb043c0180000-0xffffb043c0200000         512K                               pte
Nov 24 14:32:33.424876 fedora kernel: 0xffffb043c0200000-0xffffb04400000000        1022M                               pmd
Nov 24 14:32:33.424884 fedora kernel: 0xffffb04400000000-0xffffd08000000000       33008G                               pud
Nov 24 14:32:33.424892 fedora kernel: 0xffffd08000000000-0xfffff60000000000       38400G                               pgd
Nov 24 14:32:33.424899 fedora kernel: 0xfffff60000000000-0xfffff67940000000         485G                               pud
Nov 24 14:32:33.424907 fedora kernel: 0xfffff67940000000-0xfffff67942000000          32M     RW         PSE     GLB NX pmd
Nov 24 14:32:33.424914 fedora kernel: 0xfffff67942000000-0xfffff67944000000          32M                               pmd
Nov 24 14:32:33.424922 fedora kernel: 0xfffff67944000000-0xfffff67950000000         192M     RW         PSE     GLB NX pmd
Nov 24 14:32:33.424933 fedora kernel: 0xfffff67950000000-0xfffff67980000000         768M                               pmd
Nov 24 14:32:33.424940 fedora kernel: 0xfffff67980000000-0xfffff68000000000          26G                               pud
Nov 24 14:32:33.424948 fedora kernel: 0xfffff68000000000-0xfffffe0000000000        7680G                               pgd
Nov 24 14:32:33.424955 fedora kernel: ---[ CPU entry Area ]---
Nov 24 14:32:33.424963 fedora kernel: 0xfffffe0000000000-0xfffffe0000002000           8K     ro                 GLB NX pte
Nov 24 14:32:33.424971 fedora kernel: 0xfffffe0000002000-0xfffffe0000003000           4K     RW                 GLB NX pte
Nov 24 14:32:33.424978 fedora kernel: 0xfffffe0000003000-0xfffffe0000008000          20K     ro                 GLB NX pte
Nov 24 14:32:33.424986 fedora kernel: 0xfffffe0000008000-0xfffffe0000009000           4K                               pte
Nov 24 14:32:33.424993 fedora kernel: 0xfffffe0000009000-0xfffffe000000b000           8K     RW                 GLB NX pte
Nov 24 14:32:33.425004 fedora kernel: 0xfffffe000000b000-0xfffffe000000c000           4K                               pte
Nov 24 14:32:33.425012 fedora kernel: 0xfffffe000000c000-0xfffffe000000e000           8K     RW                 GLB NX pte
Nov 24 14:32:33.425019 fedora kernel: 0xfffffe000000e000-0xfffffe000000f000           4K                               pte
Nov 24 14:32:33.425027 fedora kernel: 0xfffffe000000f000-0xfffffe0000011000           8K     RW                 GLB NX pte
Nov 24 14:32:33.425034 fedora kernel: 0xfffffe0000011000-0xfffffe0000012000           4K                               pte
Nov 24 14:32:33.425042 fedora kernel: 0xfffffe0000012000-0xfffffe0000014000           8K     RW                 GLB NX pte
Nov 24 14:32:33.425049 fedora kernel: 0xfffffe0000014000-0xfffffe000003c000         160K                               pte
Nov 24 14:32:33.425057 fedora kernel: 0xfffffe000003c000-0xfffffe000003d000           4K     ro                 GLB NX pte
Nov 24 14:32:33.425065 fedora kernel: 0xfffffe000003d000-0xfffffe000003e000           4K     RW                 GLB NX pte
Nov 24 14:32:33.425075 fedora kernel: 0xfffffe000003e000-0xfffffe0000043000          20K     ro                 GLB NX pte
Nov 24 14:32:33.425082 fedora kernel: 0xfffffe0000043000-0xfffffe0000044000           4K                               pte
Nov 24 14:32:33.425090 fedora kernel: 0xfffffe0000044000-0xfffffe0000046000           8K     RW                 GLB NX pte
Nov 24 14:32:33.425098 fedora kernel: 0xfffffe0000046000-0xfffffe0000047000           4K                               pte
Nov 24 14:32:33.425105 fedora kernel: 0xfffffe0000047000-0xfffffe0000049000           8K     RW                 GLB NX pte
Nov 24 14:32:33.425113 fedora kernel: 0xfffffe0000049000-0xfffffe000004a000           4K                               pte
Nov 24 14:32:33.425120 fedora kernel: 0xfffffe000004a000-0xfffffe000004c000           8K     RW                 GLB NX pte
Nov 24 14:32:33.425128 fedora kernel: 0xfffffe000004c000-0xfffffe000004d000           4K                               pte
Nov 24 14:32:33.425138 fedora kernel: 0xfffffe000004d000-0xfffffe000004f000           8K     RW                 GLB NX pte
Nov 24 14:32:33.425146 fedora kernel: 0xfffffe000004f000-0xfffffe0000077000         160K                               pte
Nov 24 14:32:33.425154 fedora kernel: 0xfffffe0000077000-0xfffffe0000078000           4K     ro                 GLB NX pte
Nov 24 14:32:33.425162 fedora kernel: 0xfffffe0000078000-0xfffffe0000079000           4K     RW                 GLB NX pte
Nov 24 14:32:33.425170 fedora kernel: 0xfffffe0000079000-0xfffffe000007e000          20K     ro                 GLB NX pte
Nov 24 14:32:33.425178 fedora kernel: 0xfffffe000007e000-0xfffffe000007f000           4K                               pte
Nov 24 14:32:33.425186 fedora kernel: 0xfffffe000007f000-0xfffffe0000081000           8K     RW                 GLB NX pte
Nov 24 14:32:33.425194 fedora kernel: 0xfffffe0000081000-0xfffffe0000082000           4K                               pte
Nov 24 14:32:33.425202 fedora kernel: 0xfffffe0000082000-0xfffffe0000084000           8K     RW                 GLB NX pte
Nov 24 14:32:33.425213 fedora kernel: 0xfffffe0000084000-0xfffffe0000085000           4K                               pte
Nov 24 14:32:33.425221 fedora kernel: 0xfffffe0000085000-0xfffffe0000087000           8K     RW                 GLB NX pte
Nov 24 14:32:33.425229 fedora kernel: 0xfffffe0000087000-0xfffffe0000088000           4K                               pte
Nov 24 14:32:33.425237 fedora kernel: 0xfffffe0000088000-0xfffffe000008a000           8K     RW                 GLB NX pte
Nov 24 14:32:33.425245 fedora kernel: 0xfffffe000008a000-0xfffffe00000b2000         160K                               pte
Nov 24 14:32:33.425253 fedora kernel: 0xfffffe00000b2000-0xfffffe00000b3000           4K     ro                 GLB NX pte
Nov 24 14:32:33.425261 fedora kernel: 0xfffffe00000b3000-0xfffffe00000b4000           4K     RW                 GLB NX pte
Nov 24 14:32:33.425274 fedora kernel: 0xfffffe00000b4000-0xfffffe00000b9000          20K     ro                 GLB NX pte
Nov 24 14:32:33.425282 fedora kernel: 0xfffffe00000b9000-0xfffffe00000ba000           4K                               pte
Nov 24 14:32:33.425295 fedora kernel: 0xfffffe00000ba000-0xfffffe00000bc000           8K     RW                 GLB NX pte
Nov 24 14:32:33.425303 fedora kernel: 0xfffffe00000bc000-0xfffffe00000bd000           4K                               pte
Nov 24 14:32:33.425311 fedora kernel: 0xfffffe00000bd000-0xfffffe00000bf000           8K     RW                 GLB NX pte
Nov 24 14:32:33.425329 fedora kernel: 0xfffffe00000bf000-0xfffffe00000c0000           4K                               pte
Nov 24 14:32:33.425339 fedora kernel: 0xfffffe00000c0000-0xfffffe00000c2000           8K     RW                 GLB NX pte
Nov 24 14:32:33.425347 fedora kernel: 0xfffffe00000c2000-0xfffffe00000c3000           4K                               pte
Nov 24 14:32:33.425355 fedora kernel: 0xfffffe00000c3000-0xfffffe00000c5000           8K     RW                 GLB NX pte
Nov 24 14:32:33.425364 fedora kernel: 0xfffffe00000c5000-0xfffffe00000ed000         160K                               pte
Nov 24 14:32:33.425375 fedora kernel: 0xfffffe00000ed000-0xfffffe00000ee000           4K     ro                 GLB NX pte
Nov 24 14:32:33.425384 fedora kernel: 0xfffffe00000ee000-0xfffffe00000ef000           4K     RW                 GLB NX pte
Nov 24 14:32:33.425392 fedora kernel: 0xfffffe00000ef000-0xfffffe00000f4000          20K     ro                 GLB NX pte
Nov 24 14:32:33.425403 fedora kernel: 0xfffffe00000f4000-0xfffffe00000f5000           4K                               pte
Nov 24 14:32:33.425411 fedora kernel: 0xfffffe00000f5000-0xfffffe00000f7000           8K     RW                 GLB NX pte
Nov 24 14:32:33.425420 fedora kernel: 0xfffffe00000f7000-0xfffffe00000f8000           4K                               pte
Nov 24 14:32:33.425428 fedora kernel: 0xfffffe00000f8000-0xfffffe00000fa000           8K     RW                 GLB NX pte
Nov 24 14:32:33.425439 fedora kernel: 0xfffffe00000fa000-0xfffffe00000fb000           4K                               pte
Nov 24 14:32:33.425450 fedora kernel: 0xfffffe00000fb000-0xfffffe00000fd000           8K     RW                 GLB NX pte
Nov 24 14:32:33.425466 fedora kernel: 0xfffffe00000fd000-0xfffffe00000fe000           4K                               pte
Nov 24 14:32:33.425478 fedora kernel: 0xfffffe00000fe000-0xfffffe0000100000           8K     RW                 GLB NX pte
Nov 24 14:32:33.425489 fedora kernel: 0xfffffe0000100000-0xfffffe0000128000         160K                               pte
Nov 24 14:32:33.425497 fedora kernel: 0xfffffe0000128000-0xfffffe0000129000           4K     ro                 GLB NX pte
Nov 24 14:32:33.425506 fedora kernel: 0xfffffe0000129000-0xfffffe000012a000           4K     RW                 GLB NX pte
Nov 24 14:32:33.425514 fedora kernel: 0xfffffe000012a000-0xfffffe000012f000          20K     ro                 GLB NX pte
Nov 24 14:32:33.425522 fedora kernel: 0xfffffe000012f000-0xfffffe0000130000           4K                               pte
Nov 24 14:32:33.425531 fedora kernel: 0xfffffe0000130000-0xfffffe0000132000           8K     RW                 GLB NX pte
Nov 24 14:32:33.425539 fedora kernel: 0xfffffe0000132000-0xfffffe0000133000           4K                               pte
Nov 24 14:32:33.425554 fedora kernel: 0xfffffe0000133000-0xfffffe0000135000           8K     RW                 GLB NX pte
Nov 24 14:32:33.425562 fedora kernel: 0xfffffe0000135000-0xfffffe0000136000           4K                               pte
Nov 24 14:32:33.425572 fedora kernel: 0xfffffe0000136000-0xfffffe0000138000           8K     RW                 GLB NX pte
Nov 24 14:32:33.425581 fedora kernel: 0xfffffe0000138000-0xfffffe0000139000           4K                               pte
Nov 24 14:32:33.425589 fedora kernel: 0xfffffe0000139000-0xfffffe000013b000           8K     RW                 GLB NX pte
Nov 24 14:32:33.425597 fedora kernel: 0xfffffe000013b000-0xfffffe0000163000         160K                               pte
Nov 24 14:32:33.425605 fedora kernel: 0xfffffe0000163000-0xfffffe0000164000           4K     ro                 GLB NX pte
Nov 24 14:32:33.425613 fedora kernel: 0xfffffe0000164000-0xfffffe0000165000           4K     RW                 GLB NX pte
Nov 24 14:32:33.425625 fedora kernel: 0xfffffe0000165000-0xfffffe000016a000          20K     ro                 GLB NX pte
Nov 24 14:32:33.425633 fedora kernel: 0xfffffe000016a000-0xfffffe000016b000           4K                               pte
Nov 24 14:32:33.425641 fedora kernel: 0xfffffe000016b000-0xfffffe000016d000           8K     RW                 GLB NX pte
Nov 24 14:32:33.425649 fedora kernel: 0xfffffe000016d000-0xfffffe000016e000           4K                               pte
Nov 24 14:32:33.425657 fedora kernel: 0xfffffe000016e000-0xfffffe0000170000           8K     RW                 GLB NX pte
Nov 24 14:32:33.425665 fedora kernel: 0xfffffe0000170000-0xfffffe0000171000           4K                               pte
Nov 24 14:32:33.425673 fedora kernel: 0xfffffe0000171000-0xfffffe0000173000           8K     RW                 GLB NX pte
Nov 24 14:32:33.425681 fedora kernel: 0xfffffe0000173000-0xfffffe0000174000           4K                               pte
Nov 24 14:32:33.425689 fedora kernel: 0xfffffe0000174000-0xfffffe0000176000           8K     RW                 GLB NX pte
Nov 24 14:32:33.425700 fedora kernel: 0xfffffe0000176000-0xfffffe000019e000         160K                               pte
Nov 24 14:32:33.425709 fedora kernel: 0xfffffe000019e000-0xfffffe000019f000           4K     ro                 GLB NX pte
Nov 24 14:32:33.425717 fedora kernel: 0xfffffe000019f000-0xfffffe00001a0000           4K     RW                 GLB NX pte
Nov 24 14:32:33.425725 fedora kernel: 0xfffffe00001a0000-0xfffffe00001a5000          20K     ro                 GLB NX pte
Nov 24 14:32:33.425733 fedora kernel: 0xfffffe00001a5000-0xfffffe00001a6000           4K                               pte
Nov 24 14:32:33.425741 fedora kernel: 0xfffffe00001a6000-0xfffffe00001a8000           8K     RW                 GLB NX pte
Nov 24 14:32:33.425749 fedora kernel: 0xfffffe00001a8000-0xfffffe00001a9000           4K                               pte
Nov 24 14:32:33.425757 fedora kernel: 0xfffffe00001a9000-0xfffffe00001ab000           8K     RW                 GLB NX pte
Nov 24 14:32:33.425765 fedora kernel: 0xfffffe00001ab000-0xfffffe00001ac000           4K                               pte
Nov 24 14:32:33.425776 fedora kernel: 0xfffffe00001ac000-0xfffffe00001ae000           8K     RW                 GLB NX pte
Nov 24 14:32:33.425784 fedora kernel: 0xfffffe00001ae000-0xfffffe00001af000           4K                               pte
Nov 24 14:32:33.425792 fedora kernel: 0xfffffe00001af000-0xfffffe00001b1000           8K     RW                 GLB NX pte
Nov 24 14:32:33.425800 fedora kernel: 0xfffffe00001b1000-0xfffffe00001d9000         160K                               pte
Nov 24 14:32:33.425809 fedora kernel: 0xfffffe00001d9000-0xfffffe00001da000           4K     ro                 GLB NX pte
Nov 24 14:32:33.425817 fedora kernel: 0xfffffe00001da000-0xfffffe00001db000           4K     RW                 GLB NX pte
Nov 24 14:32:33.425825 fedora kernel: 0xfffffe00001db000-0xfffffe00001e0000          20K     ro                 GLB NX pte
Nov 24 14:32:33.425833 fedora kernel: 0xfffffe00001e0000-0xfffffe00001e1000           4K                               pte
Nov 24 14:32:33.425841 fedora kernel: 0xfffffe00001e1000-0xfffffe00001e3000           8K     RW                 GLB NX pte
Nov 24 14:32:33.425852 fedora kernel: 0xfffffe00001e3000-0xfffffe00001e4000           4K                               pte
Nov 24 14:32:33.425860 fedora kernel: 0xfffffe00001e4000-0xfffffe00001e6000           8K     RW                 GLB NX pte
Nov 24 14:32:33.425868 fedora kernel: 0xfffffe00001e6000-0xfffffe00001e7000           4K                               pte
Nov 24 14:32:33.425876 fedora kernel: 0xfffffe00001e7000-0xfffffe00001e9000           8K     RW                 GLB NX pte
Nov 24 14:32:33.425884 fedora kernel: 0xfffffe00001e9000-0xfffffe00001ea000           4K                               pte
Nov 24 14:32:33.425892 fedora kernel: 0xfffffe00001ea000-0xfffffe00001ec000           8K     RW                 GLB NX pte
Nov 24 14:32:33.425900 fedora kernel: 0xfffffe00001ec000-0xfffffe0000214000         160K                               pte
Nov 24 14:32:33.425908 fedora kernel: 0xfffffe0000214000-0xfffffe0000215000           4K     ro                 GLB NX pte
Nov 24 14:32:33.425919 fedora kernel: 0xfffffe0000215000-0xfffffe0000216000           4K     RW                 GLB NX pte
Nov 24 14:32:33.425928 fedora kernel: 0xfffffe0000216000-0xfffffe000021b000          20K     ro                 GLB NX pte
Nov 24 14:32:33.425936 fedora kernel: 0xfffffe000021b000-0xfffffe000021c000           4K                               pte
Nov 24 14:32:33.425944 fedora kernel: 0xfffffe000021c000-0xfffffe000021e000           8K     RW                 GLB NX pte
Nov 24 14:32:33.425952 fedora kernel: 0xfffffe000021e000-0xfffffe000021f000           4K                               pte
Nov 24 14:32:33.425960 fedora kernel: 0xfffffe000021f000-0xfffffe0000221000           8K     RW                 GLB NX pte
Nov 24 14:32:33.425968 fedora kernel: 0xfffffe0000221000-0xfffffe0000222000           4K                               pte
Nov 24 14:32:33.425977 fedora kernel: 0xfffffe0000222000-0xfffffe0000224000           8K     RW                 GLB NX pte
Nov 24 14:32:33.425985 fedora kernel: 0xfffffe0000224000-0xfffffe0000225000           4K                               pte
Nov 24 14:32:33.425995 fedora kernel: 0xfffffe0000225000-0xfffffe0000227000           8K     RW                 GLB NX pte
Nov 24 14:32:33.426003 fedora kernel: 0xfffffe0000227000-0xfffffe000024f000         160K                               pte
Nov 24 14:32:33.426011 fedora kernel: 0xfffffe000024f000-0xfffffe0000250000           4K     ro                 GLB NX pte
Nov 24 14:32:33.426019 fedora kernel: 0xfffffe0000250000-0xfffffe0000251000           4K     RW                 GLB NX pte
Nov 24 14:32:33.426027 fedora kernel: 0xfffffe0000251000-0xfffffe0000256000          20K     ro                 GLB NX pte
Nov 24 14:32:33.426035 fedora kernel: 0xfffffe0000256000-0xfffffe0000257000           4K                               pte
Nov 24 14:32:33.426043 fedora kernel: 0xfffffe0000257000-0xfffffe0000259000           8K     RW                 GLB NX pte
Nov 24 14:32:33.426052 fedora kernel: 0xfffffe0000259000-0xfffffe000025a000           4K                               pte
Nov 24 14:32:33.426060 fedora kernel: 0xfffffe000025a000-0xfffffe000025c000           8K     RW                 GLB NX pte
Nov 24 14:32:33.426071 fedora kernel: 0xfffffe000025c000-0xfffffe000025d000           4K                               pte
Nov 24 14:32:33.426080 fedora kernel: 0xfffffe000025d000-0xfffffe000025f000           8K     RW                 GLB NX pte
Nov 24 14:32:33.426088 fedora kernel: 0xfffffe000025f000-0xfffffe0000260000           4K                               pte
Nov 24 14:32:33.426096 fedora kernel: 0xfffffe0000260000-0xfffffe0000262000           8K     RW                 GLB NX pte
Nov 24 14:32:33.426103 fedora kernel: 0xfffffe0000262000-0xfffffe000028a000         160K                               pte
Nov 24 14:32:33.426111 fedora kernel: 0xfffffe000028a000-0xfffffe000028b000           4K     ro                 GLB NX pte
Nov 24 14:32:33.426119 fedora kernel: 0xfffffe000028b000-0xfffffe000028c000           4K     RW                 GLB NX pte
Nov 24 14:32:33.426127 fedora kernel: 0xfffffe000028c000-0xfffffe0000291000          20K     ro                 GLB NX pte
Nov 24 14:32:33.426139 fedora kernel: 0xfffffe0000291000-0xfffffe0000292000           4K                               pte
Nov 24 14:32:33.426147 fedora kernel: 0xfffffe0000292000-0xfffffe0000294000           8K     RW                 GLB NX pte
Nov 24 14:32:33.426155 fedora kernel: 0xfffffe0000294000-0xfffffe0000295000           4K                               pte
Nov 24 14:32:33.426163 fedora kernel: 0xfffffe0000295000-0xfffffe0000297000           8K     RW                 GLB NX pte
Nov 24 14:32:33.426171 fedora kernel: 0xfffffe0000297000-0xfffffe0000298000           4K                               pte
Nov 24 14:32:33.426179 fedora kernel: 0xfffffe0000298000-0xfffffe000029a000           8K     RW                 GLB NX pte
Nov 24 14:32:33.426187 fedora kernel: 0xfffffe000029a000-0xfffffe000029b000           4K                               pte
Nov 24 14:32:33.426196 fedora kernel: 0xfffffe000029b000-0xfffffe000029d000           8K     RW                 GLB NX pte
Nov 24 14:32:33.426204 fedora kernel: 0xfffffe000029d000-0xfffffe00002c5000         160K                               pte
Nov 24 14:32:33.426215 fedora kernel: 0xfffffe00002c5000-0xfffffe00002c6000           4K     ro                 GLB NX pte
Nov 24 14:32:33.426223 fedora kernel: 0xfffffe00002c6000-0xfffffe00002c7000           4K     RW                 GLB NX pte
Nov 24 14:32:33.426231 fedora kernel: 0xfffffe00002c7000-0xfffffe00002cc000          20K     ro                 GLB NX pte
Nov 24 14:32:33.426239 fedora kernel: 0xfffffe00002cc000-0xfffffe00002cd000           4K                               pte
Nov 24 14:32:33.426247 fedora kernel: 0xfffffe00002cd000-0xfffffe00002cf000           8K     RW                 GLB NX pte
Nov 24 14:32:33.426255 fedora kernel: 0xfffffe00002cf000-0xfffffe00002d0000           4K                               pte
Nov 24 14:32:33.426263 fedora kernel: 0xfffffe00002d0000-0xfffffe00002d2000           8K     RW                 GLB NX pte
Nov 24 14:32:33.426271 fedora kernel: 0xfffffe00002d2000-0xfffffe00002d3000           4K                               pte
Nov 24 14:32:33.426279 fedora kernel: 0xfffffe00002d3000-0xfffffe00002d5000           8K     RW                 GLB NX pte
Nov 24 14:32:33.426291 fedora kernel: 0xfffffe00002d5000-0xfffffe00002d6000           4K                               pte
Nov 24 14:32:33.426299 fedora kernel: 0xfffffe00002d6000-0xfffffe00002d8000           8K     RW                 GLB NX pte
Nov 24 14:32:33.426307 fedora kernel: 0xfffffe00002d8000-0xfffffe0000300000         160K                               pte
Nov 24 14:32:33.426324 fedora kernel: 0xfffffe0000300000-0xfffffe0000301000           4K     ro                 GLB NX pte
Nov 24 14:32:33.426334 fedora kernel: 0xfffffe0000301000-0xfffffe0000302000           4K     RW                 GLB NX pte
Nov 24 14:32:33.426342 fedora kernel: 0xfffffe0000302000-0xfffffe0000307000          20K     ro                 GLB NX pte
Nov 24 14:32:33.426350 fedora kernel: 0xfffffe0000307000-0xfffffe0000308000           4K                               pte
Nov 24 14:32:33.426359 fedora kernel: 0xfffffe0000308000-0xfffffe000030a000           8K     RW                 GLB NX pte
Nov 24 14:32:33.426371 fedora kernel: 0xfffffe000030a000-0xfffffe000030b000           4K                               pte
Nov 24 14:32:33.426379 fedora kernel: 0xfffffe000030b000-0xfffffe000030d000           8K     RW                 GLB NX pte
Nov 24 14:32:33.426388 fedora kernel: 0xfffffe000030d000-0xfffffe000030e000           4K                               pte
Nov 24 14:32:33.426397 fedora kernel: 0xfffffe000030e000-0xfffffe0000310000           8K     RW                 GLB NX pte
Nov 24 14:32:33.426406 fedora kernel: 0xfffffe0000310000-0xfffffe0000311000           4K                               pte
Nov 24 14:32:33.426414 fedora kernel: 0xfffffe0000311000-0xfffffe0000313000           8K     RW                 GLB NX pte
Nov 24 14:32:33.426423 fedora kernel: 0xfffffe0000313000-0xfffffe000033b000         160K                               pte
Nov 24 14:32:33.426432 fedora kernel: 0xfffffe000033b000-0xfffffe000033c000           4K     ro                 GLB NX pte
Nov 24 14:32:33.426443 fedora kernel: 0xfffffe000033c000-0xfffffe000033d000           4K     RW                 GLB NX pte
Nov 24 14:32:33.426455 fedora kernel: 0xfffffe000033d000-0xfffffe0000342000          20K     ro                 GLB NX pte
Nov 24 14:32:33.426466 fedora kernel: 0xfffffe0000342000-0xfffffe0000343000           4K                               pte
Nov 24 14:32:33.426479 fedora kernel: 0xfffffe0000343000-0xfffffe0000345000           8K     RW                 GLB NX pte
Nov 24 14:32:33.426491 fedora kernel: 0xfffffe0000345000-0xfffffe0000346000           4K                               pte
Nov 24 14:32:33.426503 fedora kernel: 0xfffffe0000346000-0xfffffe0000348000           8K     RW                 GLB NX pte
Nov 24 14:32:33.426516 fedora kernel: 0xfffffe0000348000-0xfffffe0000349000           4K                               pte
Nov 24 14:32:33.426527 fedora kernel: 0xfffffe0000349000-0xfffffe000034b000           8K     RW                 GLB NX pte
Nov 24 14:32:33.426540 fedora kernel: 0xfffffe000034b000-0xfffffe000034c000           4K                               pte
Nov 24 14:32:33.426553 fedora kernel: 0xfffffe000034c000-0xfffffe000034e000           8K     RW                 GLB NX pte
Nov 24 14:32:33.426570 fedora kernel: 0xfffffe000034e000-0xfffffe0000376000         160K                               pte
Nov 24 14:32:33.426581 fedora kernel: 0xfffffe0000376000-0xfffffe0000377000           4K     ro                 GLB NX pte
Nov 24 14:32:33.426594 fedora kernel: 0xfffffe0000377000-0xfffffe0000378000           4K     RW                 GLB NX pte
Nov 24 14:32:33.426607 fedora kernel: 0xfffffe0000378000-0xfffffe000037d000          20K     ro                 GLB NX pte
Nov 24 14:32:33.426618 fedora kernel: 0xfffffe000037d000-0xfffffe000037e000           4K                               pte
Nov 24 14:32:33.426631 fedora kernel: 0xfffffe000037e000-0xfffffe0000380000           8K     RW                 GLB NX pte
Nov 24 14:32:33.426642 fedora kernel: 0xfffffe0000380000-0xfffffe0000381000           4K                               pte
Nov 24 14:32:33.426655 fedora kernel: 0xfffffe0000381000-0xfffffe0000383000           8K     RW                 GLB NX pte
Nov 24 14:32:33.426671 fedora kernel: 0xfffffe0000383000-0xfffffe0000384000           4K                               pte
Nov 24 14:32:33.426684 fedora kernel: 0xfffffe0000384000-0xfffffe0000386000           8K     RW                 GLB NX pte
Nov 24 14:32:33.426697 fedora kernel: 0xfffffe0000386000-0xfffffe0000387000           4K                               pte
Nov 24 14:32:33.426708 fedora kernel: 0xfffffe0000387000-0xfffffe0000389000           8K     RW                 GLB NX pte
Nov 24 14:32:33.426721 fedora kernel: 0xfffffe0000389000-0xfffffe0000400000         476K                               pte
Nov 24 14:32:33.426732 fedora kernel: 0xfffffe0000400000-0xfffffe0040000000        1020M                               pmd
Nov 24 14:32:33.426745 fedora kernel: 0xfffffe0040000000-0xfffffe8000000000         511G                               pud
Nov 24 14:32:33.426756 fedora kernel: 0xfffffe8000000000-0xffffff0000000000         512G                               pgd
Nov 24 14:32:33.426769 fedora kernel: ---[ ESPfix Area ]---
Nov 24 14:32:33.426785 fedora kernel: 0xffffff0000000000-0xffffff2500000000         148G                               pud
Nov 24 14:32:33.426799 fedora kernel: 0xffffff2500000000-0xffffff250000c000          48K                               pte
Nov 24 14:32:33.426811 fedora kernel: 0xffffff250000c000-0xffffff250000d000           4K     ro                 GLB NX pte
Nov 24 14:32:33.426822 fedora kernel: 0xffffff250000d000-0xffffff250001c000          60K                               pte
Nov 24 14:32:33.426834 fedora kernel: 0xffffff250001c000-0xffffff250001d000           4K     ro                 GLB NX pte
Nov 24 14:32:33.426847 fedora kernel: 0xffffff250001d000-0xffffff250002c000          60K                               pte
Nov 24 14:32:33.426860 fedora kernel: 0xffffff250002c000-0xffffff250002d000           4K     ro                 GLB NX pte
Nov 24 14:32:33.426869 fedora kernel: 0xffffff250002d000-0xffffff250003c000          60K                               pte
Nov 24 14:32:33.426878 fedora kernel: 0xffffff250003c000-0xffffff250003d000           4K     ro                 GLB NX pte
Nov 24 14:32:33.426891 fedora kernel: 0xffffff250003d000-0xffffff250004c000          60K                               pte
Nov 24 14:32:33.426899 fedora kernel: 0xffffff250004c000-0xffffff250004d000           4K     ro                 GLB NX pte
Nov 24 14:32:33.426908 fedora kernel: 0xffffff250004d000-0xffffff250005c000          60K                               pte
Nov 24 14:32:33.426917 fedora kernel: 0xffffff250005c000-0xffffff250005d000           4K     ro                 GLB NX pte
Nov 24 14:32:33.426925 fedora kernel: 0xffffff250005d000-0xffffff250006c000          60K                               pte
Nov 24 14:32:33.426934 fedora kernel: 0xffffff250006c000-0xffffff250006d000           4K     ro                 GLB NX pte
Nov 24 14:32:33.426943 fedora kernel: 0xffffff250006d000-0xffffff250007c000          60K                               pte
Nov 24 14:32:33.426951 fedora kernel: ... 131059 entries skipped ... 
Nov 24 14:32:33.426960 fedora kernel: ---[ EFI Runtime Services ]---
Nov 24 14:32:33.426972 fedora kernel: 0xffffffef00000000-0xfffffffec0000000          63G                               pud
Nov 24 14:32:33.426981 fedora kernel: 0xfffffffec0000000-0xfffffffed6400000         356M                               pmd
Nov 24 14:32:33.426990 fedora kernel: 0xfffffffed6400000-0xfffffffed6487000         540K                               pte
Nov 24 14:32:33.426998 fedora kernel: 0xfffffffed6487000-0xfffffffed6488000           4K                               pte
Nov 24 14:32:33.427007 fedora kernel: 0xfffffffed6488000-0xfffffffed657f000         988K                               pte
Nov 24 14:32:33.427015 fedora kernel: 0xfffffffed657f000-0xfffffffed65ff000         512K                               pte
Nov 24 14:32:33.427024 fedora kernel: 0xfffffffed65ff000-0xfffffffed67fd000        2040K                               pte
Nov 24 14:32:33.427033 fedora kernel: 0xfffffffed67fd000-0xfffffffed67ff000           8K                               pte
Nov 24 14:32:33.427045 fedora kernel: 0xfffffffed67ff000-0xfffffffed6c00000        4100K     RW                     NX pte
Nov 24 14:32:33.427054 fedora kernel: 0xfffffffed6c00000-0xfffffffed6d2f000        1212K                               pte
Nov 24 14:32:33.427062 fedora kernel: 0xfffffffed6d2f000-0xfffffffed6d4f000         128K                               pte
Nov 24 14:32:33.427071 fedora kernel: 0xfffffffed6d4f000-0xfffffffed6d72000         140K                               pte
Nov 24 14:32:33.427080 fedora kernel: 0xfffffffed6d72000-0xfffffffed6d90000         120K                               pte
Nov 24 14:32:33.427088 fedora kernel: 0xfffffffed6d90000-0xfffffffed6db9000         164K                               pte
Nov 24 14:32:33.427097 fedora kernel: 0xfffffffed6db9000-0xfffffffed6dea000         196K                               pte
Nov 24 14:32:33.427106 fedora kernel: 0xfffffffed6dea000-0xfffffffed6deb000           4K                               pte
Nov 24 14:32:33.427115 fedora kernel: 0xfffffffed6deb000-0xfffffffed8735000       25896K                               pte
Nov 24 14:32:33.427127 fedora kernel: 0xfffffffed8735000-0xfffffffed876b000         216K                               pte
Nov 24 14:32:33.427135 fedora kernel: 0xfffffffed876b000-0xfffffffed876d000           8K                               pte
Nov 24 14:32:33.427144 fedora kernel: 0xfffffffed876d000-0xfffffffed8770000          12K     RW                     NX pte
Nov 24 14:32:33.427152 fedora kernel: 0xfffffffed8770000-0xfffffffed8867000         988K                               pte
Nov 24 14:32:33.427161 fedora kernel: 0xfffffffed8867000-0xfffffffed8b92000        3244K                               pte
Nov 24 14:32:33.427170 fedora kernel: 0xfffffffed8b92000-0xfffffffed8c5d000         812K                               pte
Nov 24 14:32:33.427179 fedora kernel: 0xfffffffed8c5d000-0xfffffffed8ebd000        2432K     RW                     NX pte
Nov 24 14:32:33.427188 fedora kernel: 0xfffffffed8ebd000-0xfffffffed950d000        6464K                               pte
Nov 24 14:32:33.427196 fedora kernel: 0xfffffffed950d000-0xfffffffed96bd000        1728K                               pte
Nov 24 14:32:33.427208 fedora kernel: 0xfffffffed96bd000-0xfffffffed9bb2000        5076K                               pte
Nov 24 14:32:33.427217 fedora kernel: 0xfffffffed9bb2000-0xfffffffed9c00000         312K     RW                     NX pte
Nov 24 14:32:33.427226 fedora kernel: 0xfffffffed9c00000-0xfffffffedc200000          38M     RW         PSE         NX pmd
Nov 24 14:32:33.427234 fedora kernel: 0xfffffffedc200000-0xfffffffedc37f000        1532K     RW                     NX pte
Nov 24 14:32:33.427243 fedora kernel: 0xfffffffedc37f000-0xfffffffedc490000        1092K                               pte
Nov 24 14:32:33.427252 fedora kernel: 0xfffffffedc490000-0xfffffffedd37f000       15292K                               pte
Nov 24 14:32:33.427260 fedora kernel: 0xfffffffedd37f000-0xfffffffedd400000         516K     RW                     NX pte
Nov 24 14:32:33.427269 fedora kernel: 0xfffffffedd400000-0xfffffffedda00000           6M     RW         PSE         NX pmd
Nov 24 14:32:33.427281 fedora kernel: 0xfffffffedda00000-0xfffffffedda89000         548K     RW                     NX pte
Nov 24 14:32:33.427290 fedora kernel: 0xfffffffedda89000-0xfffffffedda8d000          16K     ro                     x  pte
Nov 24 14:32:33.427299 fedora kernel: 0xfffffffedda8d000-0xfffffffedda92000          20K     RW                     NX pte
Nov 24 14:32:33.427307 fedora kernel: 0xfffffffedda92000-0xfffffffedda95000          12K     ro                     x  pte
Nov 24 14:32:33.427324 fedora kernel: 0xfffffffedda95000-0xfffffffedda9a000          20K     RW                     NX pte
Nov 24 14:32:33.427334 fedora kernel: 0xfffffffedda9a000-0xfffffffeddaa1000          28K     ro                     x  pte
Nov 24 14:32:33.427343 fedora kernel: 0xfffffffeddaa1000-0xfffffffeddad5000         208K     RW                     NX pte
Nov 24 14:32:33.427352 fedora kernel: 0xfffffffeddad5000-0xfffffffeddad6000           4K     ro                     x  pte
Nov 24 14:32:33.427361 fedora kernel: 0xfffffffeddad6000-0xfffffffeddada000          16K     RW                     NX pte
Nov 24 14:32:33.427373 fedora kernel: 0xfffffffeddada000-0xfffffffeddadc000           8K     ro                     x  pte
